[N8-ONESHOT] T=9.0s N=2250 (4.0ms nodes), warm from Glueck seed

******************************************************************************
This program contains Ipopt, a library for large-scale nonlinear optimization.
 Ipopt is released as open source code under the Eclipse Public License (EPL).
         For more information visit https://github.com/coin-or/Ipopt
******************************************************************************

This is Ipopt version 3.14.11, running with linear solver MUMPS 5.4.1.

Number of nonzeros in equality constraint Jacobian...:   771768
Number of nonzeros in inequality constraint Jacobian.:     4518
Number of nonzeros in Lagrangian Hessian.............:   384921

Total number of variables............................:    42768
                     variables with only lower bounds:        0
                variables with lower and upper bounds:        0
                     variables with only upper bounds:        0
Total number of equality constraints.................:    40518
Total number of inequality constraints...............:     4518
        inequality constraints with only lower bounds:        0
   inequality constraints with lower and upper bounds:     4518
        inequality constraints with only upper bounds:        0

iter    objective    inf_pr   inf_du lg(mu)  ||d||  lg(rg) alpha_du alpha_pr  ls
   0  7.5796887e+04 7.63e+01 1.99e-01   0.0 0.00e+00    -  0.00e+00 0.00e+00   0
   1  5.4302170e+04 6.31e+01 4.51e+00  -4.3 7.64e+01    -  3.09e-02 1.73e-01f  1
   2  5.0592408e+04 6.06e+01 4.37e+00  -4.3 6.32e+01    -  8.39e-02 4.01e-02f  1
   3  4.9327350e+04 5.97e+01 3.24e+01  -4.3 6.07e+01    -  1.51e-01 1.46e-02f  1
   4  4.8061744e+04 5.88e+01 4.42e+01  -4.4 5.98e+01    -  6.95e-03 1.50e-02f  1
   5  4.7875868e+04 5.86e+01 4.41e+01  -4.4 5.89e+01    -  3.07e-03 2.26e-03f  1
   6  4.6342132e+04 5.75e+01 7.12e+01  -4.4 5.88e+01    -  1.41e-04 1.88e-02f  1
   7  4.6237599e+04 5.75e+01 7.84e+01  -4.4 5.76e+01    -  5.66e-03 1.32e-03f  1
   8  4.0462974e+04 5.31e+01 9.24e+02  -4.4 5.76e+01    -  6.34e-05 7.55e-02f  1
   9  4.0394067e+04 5.31e+01 1.01e+03  -4.4 5.32e+01    -  7.46e-03 1.01e-03f  1
iter    objective    inf_pr   inf_du lg(mu)  ||d||  lg(rg) alpha_du alpha_pr  ls
  10  3.5918153e+04 4.95e+01 8.41e+02  -4.4 5.32e+01    -  8.25e-05 6.75e-02f  1
  11  3.5864105e+04 4.94e+01 8.54e+02  -4.4 4.96e+01    -  9.15e-03 9.01e-04f  1
  12  2.9854226e+04 4.42e+01 1.20e+03  -4.4 4.95e+01    -  9.35e-05 1.05e-01f  1
  13  2.9810024e+04 4.42e+01 1.31e+03  -4.4 4.43e+01    -  1.14e-02 9.04e-04h  1
  14  2.4648279e+04 3.93e+01 1.07e+03  -4.4 4.43e+01    -  1.18e-04 1.11e-01f  1
  15  2.4609865e+04 3.93e+01 1.20e+03  -4.4 3.94e+01    -  1.45e-02 9.73e-04h  1
  16  1.8808655e+04 3.31e+01 1.31e+03  -4.4 3.94e+01    -  1.48e-04 1.57e-01f  1
  17  1.8775066e+04 3.30e+01 1.44e+03  -4.4 3.32e+01    -  1.99e-02 1.16e-03h  1
  18  1.3429460e+04 2.64e+01 1.25e+03  -4.4 3.31e+01    -  2.05e-04 2.00e-01f  1
  19  1.3399790e+04 2.64e+01 1.39e+03  -4.4 2.65e+01    -  2.94e-02 1.51e-03h  1
iter    objective    inf_pr   inf_du lg(mu)  ||d||  lg(rg) alpha_du alpha_pr  ls
  20  9.0787764e+03 2.00e+01 1.04e+03  -4.4 2.65e+01    -  3.06e-04 2.42e-01f  1
  21  8.9513478e+03 1.97e+01 1.16e+03  -4.4 2.01e+01    -  1.56e-01 1.05e-02h  1
  22  8.3933481e+03 1.88e+01 9.88e+02  -4.5 1.99e+01    -  5.72e-04 4.74e-02f  1
  23  7.6695534e+03 1.75e+01 9.22e+02  -4.5 1.89e+01    -  5.09e-02 6.70e-02f  1
  24  7.5187308e+03 1.73e+01 9.08e+02  -4.5 1.76e+01    -  3.11e-02 1.54e-02h  1
  25  4.2209182e+03 1.04e+01 6.52e+02  -4.5 1.74e+01    -  4.17e-04 3.93e-01f  1
  26  4.0705828e+03 1.01e+01 6.83e+02  -4.5 1.05e+01    -  1.94e-01 3.48e-02h  1
  27  3.7021310e+03 9.13e+00 5.72e+02  -4.6 1.02e+01    -  1.19e-02 9.14e-02f  1
  28  3.4742483e+03 8.53e+00 5.35e+02  -4.6 9.25e+00    -  1.66e-02 6.48e-02h  1
  29  2.9000693e+03 6.93e+00 4.36e+02  -4.6 8.65e+00    -  1.61e-01 1.85e-01f  1
iter    objective    inf_pr   inf_du lg(mu)  ||d||  lg(rg) alpha_du alpha_pr  ls
  30  2.7406042e+03 6.46e+00 4.06e+02  -4.7 7.05e+00    -  8.71e-02 6.72e-02h  1
  31  2.5840723e+03 5.98e+00 3.77e+02  -4.8 6.58e+00    -  2.59e-03 7.28e-02h  1
  32  2.0648163e+03 4.27e+00 2.71e+02  -4.8 6.10e+00    -  2.03e-01 2.79e-01f  1
  33  1.9376699e+03 3.82e+00 2.44e+02  -4.9 4.40e+00    -  1.15e-01 1.02e-01h  1
  34  1.7710999e+03 3.21e+00 2.06e+02  -4.9 3.95e+00    -  1.67e-01 1.55e-01h  1
  35  1.7449604e+03 3.11e+00 2.00e+02  -5.0 3.34e+00    -  3.37e-02 2.96e-02h  1
  36  1.6796689e+03 2.86e+00 1.84e+02  -5.0 3.24e+00    -  7.01e-02 7.71e-02h  1
  37  1.4747725e+03 2.04e+00 1.34e+02  -5.0 3.00e+00    -  3.65e-02 2.73e-01h  1
  38  1.1307606e+03 5.21e-01 4.06e+01  -5.1 2.18e+00    -  1.47e-01 6.96e-01h  1
  39  1.0688236e+03 2.23e-01 3.36e+01  -5.1 6.82e-01    -  1.62e-01 4.37e-01h  1
iter    objective    inf_pr   inf_du lg(mu)  ||d||  lg(rg) alpha_du alpha_pr  ls
  40  1.0095031e+03 3.96e-02 2.27e+01  -5.2 4.02e-01    -  4.10e-01 7.32e-01h  1
  41  1.0093531e+03 3.94e-02 2.11e+01  -5.4 4.15e-01    -  1.48e-01 4.44e-03h  1
  42  1.0012970e+03 3.06e-02 2.35e+01  -5.5 1.15e+00    -  5.49e-02 2.23e-01h  1
  43  9.9472485e+02 2.47e-02 1.32e+01  -5.5 1.37e+00    -  3.92e-01 1.89e-01h  1
  44  9.8500311e+02 2.08e-02 1.12e+01  -5.7 2.92e+00    -  2.06e-01 1.56e-01h  1
  45  9.8487366e+02 2.08e-02 2.99e+01  -5.8 2.62e+00    -  1.16e-01 1.21e-03h  1
  46  9.8433544e+02 2.07e-02 2.73e+01  -2.0 2.23e+02    -  9.35e-04 7.08e-04f  1
  47  9.8421353e+02 2.07e-02 5.73e+01  -5.9 3.45e+00    -  1.67e-01 8.34e-04h  1
  48  9.7947819e+02 2.03e-02 9.53e+01  -6.0 7.22e+00    -  7.52e-02 1.84e-02h  1
  49  9.6795251e+02 1.95e-02 3.28e+02  -2.1 1.07e+02    -  2.62e-03 8.99e-03f  1
iter    objective    inf_pr   inf_du lg(mu)  ||d||  lg(rg) alpha_du alpha_pr  ls
  50  9.6707650e+02 1.94e-02 3.73e+02  -6.0 1.06e+01    -  1.03e-01 2.23e-03h  1
  51  9.6528952e+02 1.94e-02 6.09e+02  -6.1 1.02e+01    -  3.40e-02 3.52e-03h  1
  52  8.5641403e+02 1.14e-02 8.44e+02  -2.2 2.62e+01    -  4.28e-03 7.57e-02f  1
  53  8.5495991e+02 1.14e-02 9.38e+02  -6.1 9.95e+00    -  1.10e-01 2.19e-03h  1
  54  8.2105696e+02 7.11e-03 9.72e+02  -2.2 1.90e+01    -  5.30e-02 3.20e-02f  1
  55  7.0168883e+02 5.44e-03 7.51e+02  -2.2 1.04e+01    -  6.83e-02 1.25e-01f  1
  56  5.1829074e+02 4.14e-03 5.34e+02  -2.3 9.77e+00    -  1.24e-01 2.34e-01f  1
  57  4.4106949e+02 3.49e-03 4.99e+02  -6.2 6.65e+00    -  3.33e-01 1.47e-01f  1
  58  4.1467263e+02 3.31e-03 4.91e+02  -6.4 7.27e+00    -  3.65e-01 4.76e-02f  1
  59  2.7685275e+02 2.37e-03 3.33e+02  -6.6 7.37e+00    -  3.40e-01 2.58e-01f  1
iter    objective    inf_pr   inf_du lg(mu)  ||d||  lg(rg) alpha_du alpha_pr  ls
  60  4.6526149e+01 6.01e-02 6.28e+02  -2.7 7.78e+00    -  2.18e-01 8.37e-01f  1
  61  3.6120193e+01 3.79e-02 2.38e+02  -6.9 3.44e+00    -  7.49e-01 3.67e-01h  1
  62  2.1031828e+01 1.25e-01 1.31e+02  -7.5 8.38e+00    -  3.96e-01 1.00e+00h  1
  63  1.7737183e+01 9.50e-01 1.24e+02  -3.8 7.68e+00    -  2.15e-01 1.00e+00h  1
  64  1.7280631e+01 1.90e-01 3.64e+01  -3.9 4.57e+00  -4.5 6.73e-01 1.00e+00h  1
  65  1.6632649e+01 7.86e-01 1.32e+01  -4.4 1.16e+01  -5.4 6.02e-01 8.01e-01h  1
  66  1.6771672e+01 2.42e-01 1.53e-01  -3.6 6.09e+00  -4.1 1.00e+00 1.00e+00h  1
  67  1.6507116e+01 8.34e-02 1.40e-01  -4.4 2.11e+00  -3.7 1.00e+00 1.00e+00h  1
  68  1.6362070e+01 1.94e-02 4.02e-02  -5.1 1.25e+00  -3.7 1.00e+00 1.00e+00h  1
  69  1.6308008e+01 6.51e-04 8.13e-03  -5.6 2.32e-01  -3.3 9.99e-01 1.00e+00h  1
iter    objective    inf_pr   inf_du lg(mu)  ||d||  lg(rg) alpha_du alpha_pr  ls
  70  1.6236551e+01 4.38e-04 9.16e-02  -5.6 2.91e-01  -3.8 1.00e+00 8.78e-01h  1
  71  1.6196049e+01 5.41e-04 1.52e+00  -5.9 8.13e-01  -4.3 9.60e-01 1.76e-01h  1
  72  1.5816680e+01 2.99e-02 2.10e+00  -6.0 6.55e+00  -5.2 8.05e-01 2.50e-01h  1
  73  1.5482978e+01 5.05e-02 1.57e+00 -11.0 7.35e+00  -5.3 3.03e-01 1.99e-01h  1
  74  1.5435056e+01 3.31e-02 1.10e+00  -5.9 1.17e+00  -4.4 6.03e-01 3.41e-01h  1
  75  1.5450891e+01 2.80e-03 1.55e-02  -5.7 4.23e-01  -3.1 1.00e+00 1.00e+00h  1
  76  1.5420797e+01 2.20e-04 3.66e-03  -6.5 1.61e-01  -3.6 1.00e+00 1.00e+00h  1
  77  1.5337624e+01 1.68e-03 1.69e-04  -6.1 4.23e-01  -4.0 1.00e+00 1.00e+00h  1
  78  1.5251610e+01 2.12e-03 3.77e-02  -7.0 4.70e-01  -4.1 6.87e-01 1.00e+00h  1
  79  1.5032435e+01 1.71e-02 1.23e-03  -6.8 1.29e+00  -4.6 1.00e+00 1.00e+00h  1
iter    objective    inf_pr   inf_du lg(mu)  ||d||  lg(rg) alpha_du alpha_pr  ls
  80  1.4867396e+01 1.73e-02 4.92e+00  -5.4 1.32e+00  -4.6 4.62e-02 7.90e-01h  1
  81  1.4851812e+01 1.62e-02 5.01e+00  -5.1 1.34e+00  -4.7 1.00e+00 7.14e-02h  1
  82  1.4723452e+01 1.72e-02 3.65e+00  -5.5 1.46e+00  -4.7 1.43e-01 5.65e-01h  1
  83  1.4502301e+01 4.05e-02 2.21e-03  -6.0 1.58e+00  -4.8 1.00e+00 1.00e+00h  1
  84  1.4487456e+01 9.92e-04 7.51e-04  -6.8 3.18e-01  -3.4 1.00e+00 1.00e+00h  1
  85  1.4459650e+01 6.49e-04 5.38e-04  -6.6 1.99e-01  -3.9 1.00e+00 1.00e+00h  1
  86  1.4249546e+01 5.40e-02 1.42e-01  -7.3 1.77e+00  -4.9 6.57e-01 1.00e+00h  1
  87  1.4042960e+01 9.05e-02 1.73e-01  -7.3 2.10e+00  -4.9 6.83e-01 1.00e+00h  1
  88  1.3653763e+01 9.28e-01 6.63e-02  -7.4 7.06e+00  -5.4 1.00e+00 1.00e+00h  1
  89  1.3519191e+01 9.17e-01 1.06e-01  -7.7 7.12e+00  -5.0 1.00e+00 1.00e+00h  1
iter    objective    inf_pr   inf_du lg(mu)  ||d||  lg(rg) alpha_du alpha_pr  ls
  90  1.3339071e+01 1.48e-01 4.98e-02  -8.9 3.67e+00  -4.5 1.00e+00 1.00e+00h  1
  91  1.3299258e+01 1.28e-02 6.48e-03 -10.2 8.19e-01  -4.6 9.59e-01 1.00e+00h  1
  92  1.3182696e+01 8.14e-02 1.48e-02 -11.0 2.25e+00  -5.1 1.00e+00 9.15e-01h  1
  93  1.3179716e+01 7.92e-02 2.01e-02 -10.2 9.47e-01  -4.6 4.63e-01 2.81e-02h  1
  94  1.3025031e+01 1.59e-01 1.89e-01  -8.5 4.52e+00  -5.1 1.00e+00 4.67e-01h  1
  95  1.2851402e+01 3.94e-02 3.93e-03  -9.3 1.51e+00  -4.7 1.00e+00 9.25e-01h  1
  96  1.2786264e+01 4.14e-03 1.31e-03  -8.2 5.07e-01  -4.3 1.00e+00 9.80e-01h  1
  97  1.2514524e+01 2.09e-01 1.77e-02  -9.4 4.41e+00  -5.2 8.84e-01 8.28e-01h  1
  98  1.2105186e+01 7.35e-01 3.53e-01 -11.0 6.34e+00  -5.3 4.05e-03 1.00e+00h  1
  99  1.1797639e+01 2.53e-01 1.58e-02 -10.0 3.32e+00  -4.9 1.00e+00 1.00e+00h  1
iter    objective    inf_pr   inf_du lg(mu)  ||d||  lg(rg) alpha_du alpha_pr  ls
 100  1.1792225e+01 2.53e-01 3.34e-02  -8.0 1.48e+02    -  5.96e-03 7.73e-04h  1
 101  1.1791941e+01 2.53e-01 7.93e-01  -7.8 2.07e+02    -  1.21e-02 2.94e-05h  1
 102  1.1644620e+01 5.58e-01 4.65e-01  -7.5 2.08e+02    -  1.02e-04 1.69e-02h  1
 103  1.1377111e+01 1.64e+00 1.81e-01  -8.7 7.71e+00  -5.3 1.65e-01 1.00e+00h  1
 104  1.1222857e+01 1.16e+00 2.02e-01  -9.3 8.81e+00  -5.4 1.97e-02 3.24e-01h  1
 105  1.1221776e+01 1.13e+00 2.24e-01  -7.2 3.48e+00  -5.0 1.98e-01 2.50e-02h  1
 106  1.1221463e+01 1.13e+00 1.93e-01  -7.2 5.79e+01  -5.9 6.05e-03 7.26e-05H  1
 107  1.1118390e+01 8.13e-01 1.20e+00  -7.9 9.62e+00  -5.5 4.30e-02 3.04e-01h  1
 108  1.1004576e+01 8.24e-01 5.96e-01  -6.5 1.24e+01  -5.5 4.19e-02 3.44e-01h  1
 109  1.0977147e+01 4.17e-01 2.46e-01  -6.6 4.04e+00  -5.1 6.44e-01 5.58e-01h  1
iter    objective    inf_pr   inf_du lg(mu)  ||d||  lg(rg) alpha_du alpha_pr  ls
 110  1.0748612e+01 6.12e+00 2.28e-01  -6.9 1.19e+01  -5.6 3.84e-01 1.00e+00h  1
 111  1.0662117e+01 3.96e+00 1.59e-01  -6.8 8.87e+00  -4.3 3.77e-01 3.58e-01h  1
 112  1.0501506e+01 6.86e-01 9.88e-02  -6.8 7.48e+00  -4.7 1.00e+00 1.00e+00h  1
 113  1.0517207e+01 5.86e-01 7.36e-02  -7.3 6.03e+00  -5.2 9.47e-01 2.50e-01h  3
 114  1.0507320e+01 8.48e-01 6.72e-02  -7.0 5.45e+00  -5.3 6.82e-01 7.73e-01H  1
 115  1.0327929e+01 5.58e+00 2.53e-01  -7.2 1.75e+01  -5.3 4.94e-02 5.12e-01h  1
 116  1.0165994e+01 7.28e-01 2.23e-02  -7.5 6.83e+00  -4.9 8.92e-01 1.00e+00h  1
 117  1.0155579e+01 9.60e-01 1.28e-01  -5.6 2.86e+01    -  3.27e-02 1.65e-01h  1
 118  1.0101926e+01 3.09e+00 6.12e-02  -6.7 1.23e+01  -5.4 4.56e-01 6.87e-01h  1
 119  1.0110201e+01 1.77e-01 3.37e-02  -6.9 6.23e+00  -4.0 1.00e+00 1.00e+00h  1
iter    objective    inf_pr   inf_du lg(mu)  ||d||  lg(rg) alpha_du alpha_pr  ls
 120  1.0061075e+01 1.47e-01 4.47e-02  -6.2 2.66e+00    -  2.79e-01 1.00e+00h  1
 121  1.0012357e+01 1.38e-01 1.62e-02  -7.2 1.61e+00  -5.0 4.98e-01 1.00e+00h  1
 122  1.0001349e+01 1.74e-02 4.44e-04  -6.5 5.67e-01  -4.6 1.00e+00 1.00e+00h  1
 123  9.9567242e+00 8.57e-01 2.38e-02  -5.5 2.50e+01    -  3.47e-01 1.43e-01h  1
 124  9.9214074e+00 1.45e-01 3.92e-03  -6.7 2.10e+00  -5.0 1.00e+00 1.00e+00h  1
 125  9.8772218e+00 1.34e+00 1.12e-01  -5.0 1.76e+01    -  1.00e+00 2.67e-01h  1
 126  9.5546921e+00 1.08e+01 2.56e-01  -5.6 6.36e+01  -6.0 3.08e-01 2.88e-01h  1
 127  1.1310784e+01 5.61e+00 9.36e-01  -5.7 1.66e+01  -4.7 9.88e-01 1.00e+00h  1
 128  1.0456544e+01 9.99e+00 2.54e+00  -5.7 2.55e+01  -4.2 3.84e-01 1.00e+00h  1
 129  1.0823154e+01 3.21e+00 2.20e+00  -5.7 1.16e+01  -3.8 6.40e-01 6.72e-01h  1
iter    objective    inf_pr   inf_du lg(mu)  ||d||  lg(rg) alpha_du alpha_pr  ls
 130  9.7707674e+00 1.50e+00 2.11e+00  -5.7 9.80e+00  -3.4 5.89e-01 1.00e+00h  1
 131  9.8230303e+00 1.20e+00 1.78e+00  -4.6 3.66e+00  -3.0 9.73e-01 2.28e-01h  1
 132  1.0080007e+01 3.20e-01 9.20e-01  -4.4 3.31e+00  -3.4 1.00e+00 1.00e+00h  1
 133  1.0151348e+01 2.13e-02 2.34e-01  -4.5 8.54e-01  -3.0 1.00e+00 1.00e+00h  1
 134  1.0142678e+01 3.24e-04 5.94e-03  -4.5 1.84e-01  -3.5 1.00e+00 1.00e+00h  1
 135  1.0124091e+01 1.19e-03 2.14e-03  -5.8 4.23e-01  -4.0 9.95e-01 1.00e+00h  1
 136  1.0078439e+01 9.82e-03 1.68e-04  -6.4 1.10e+00  -4.4 1.00e+00 1.00e+00h  1
 137  9.9576373e+00 2.67e-01 1.50e-02  -5.9 4.24e+00  -5.4 1.00e+00 7.80e-01h  1
 138  9.9140249e+00 4.72e-02 1.43e-03  -6.0 1.49e+00  -5.0 1.00e+00 1.00e+00h  1
 139  9.8698448e+00 1.95e-01 5.20e-03  -6.7 2.46e+00  -5.4 1.00e+00 1.00e+00h  1
iter    objective    inf_pr   inf_du lg(mu)  ||d||  lg(rg) alpha_du alpha_pr  ls
 140  9.8455656e+00 4.95e-02 1.44e-03  -7.5 1.14e+00  -5.0 1.00e+00 1.00e+00h  1
 141  9.8197185e+00 4.45e-01 1.45e-02  -8.0 3.04e+00  -5.5 9.49e-01 1.00e+00h  1
 142  9.7732105e+00 1.50e+00 3.65e-02  -6.5 3.94e+00  -5.6 1.00e+00 1.00e+00h  1
 143  9.7595523e+00 2.01e-01 4.12e-03  -6.9 2.43e+00  -5.1 1.00e+00 1.00e+00h  1
 144  9.7308342e+00 3.81e+00 3.51e-01  -5.3 4.86e+01    -  1.00e+00 1.25e-01h  1
 145  9.6835777e+00 2.66e-01 3.46e-03  -6.4 3.85e+00  -5.6 1.00e+00 1.00e+00h  1
 146  9.7243612e+00 1.34e-01 3.91e-03  -6.8 1.11e+00  -5.2 1.00e+00 1.00e+00h  1
 147  9.7229082e+00 2.83e-04 2.33e-03  -7.7 1.52e-01  -2.9 1.00e+00 1.00e+00h  1
 148  9.7228344e+00 2.58e-05 4.40e-04  -7.4 1.70e-02  -3.4 1.00e+00 1.00e+00h  1
 149  9.7225525e+00 1.98e-04 1.12e-03  -8.2 5.06e-02  -3.9 1.00e+00 9.26e-01h  1
iter    objective    inf_pr   inf_du lg(mu)  ||d||  lg(rg) alpha_du alpha_pr  ls
 150  9.7224996e+00 1.12e-04 1.38e-02  -9.6 1.89e-02  -3.5 9.98e-01 4.73e-01h  1
 151  9.7224583e+00 4.43e-06 6.37e-06  -9.2 7.10e-03  -3.0 1.00e+00 1.00e+00h  1
 152  9.7223364e+00 3.99e-05 6.34e-06  -9.7 2.12e-02  -3.5 1.00e+00 1.00e+00h  1
 153  9.6980279e+00 1.28e+01 2.13e-01  -9.8 1.76e+01    -  3.84e-01 7.95e-01h  1
 154  9.8952708e+00 7.11e+00 3.50e-01  -9.8 1.12e+01  -4.5 9.74e-02 4.37e-01h  1
 155  9.8100568e+00 4.73e+00 2.41e-01  -9.8 7.84e+00  -5.0 3.97e-01 3.37e-01h  1
 156  9.8333857e+00 2.47e+00 1.19e-01  -9.8 1.15e+01    -  1.00e+00 5.00e-01h  2
 157  9.7374226e+00 1.17e+00 6.08e-02  -9.8 7.35e+00    -  6.53e-01 5.55e-01h  1
 158  9.6534670e+00 1.95e-01 6.31e-03  -9.8 2.61e+00  -5.9 1.00e+00 1.00e+00h  1
 159  9.6205032e+00 1.44e+01 4.19e-01  -9.6 9.72e+00  -6.4 3.56e-01 8.19e-01H  1
iter    objective    inf_pr   inf_du lg(mu)  ||d||  lg(rg) alpha_du alpha_pr  ls
 160  1.0486047e+01 7.01e+00 6.52e-01 -11.0 1.78e+01  -4.6 8.18e-03 5.55e-01h  1
 161  1.0256968e+01 4.11e+00 3.55e-01  -9.8 5.97e+00  -4.7 1.51e-02 4.40e-01h  1
 162  1.0046240e+01 1.34e+00 1.05e-01  -9.8 3.29e+00  -4.3 1.00e+00 7.56e-01h  1
 163  9.8588476e+00 9.33e-02 2.34e-02  -9.8 1.76e+00  -4.3 1.00e+00 1.00e+00h  1
 164  9.8029326e+00 3.44e-03 1.81e-02  -9.8 5.68e-01  -4.4 7.12e-01 1.00e+00h  1
 165  9.6730668e+00 1.25e-01 5.07e-03  -9.8 2.41e+00  -5.3 1.00e+00 1.00e+00h  1
 166  9.6551463e+00 1.09e-02 1.69e-03  -9.8 6.60e-01  -4.9 1.00e+00 1.00e+00h  1
 167  9.6340363e+00 5.34e+00 1.84e-01 -10.9 2.29e+01    -  7.23e-01 3.85e-01h  2
 168  9.6101516e+00 6.44e-01 1.54e-02 -10.4 6.23e+00  -4.9 9.54e-01 1.00e+00h  1
 169  9.6139434e+00 1.52e-02 6.12e-03 -10.6 8.60e-01  -4.5 1.00e+00 9.70e-01h  1
iter    objective    inf_pr   inf_du lg(mu)  ||d||  lg(rg) alpha_du alpha_pr  ls
 170  9.1636320e+00 6.94e+00 1.47e-01 -10.4 6.87e+01    -  1.72e-01 5.98e-02H  1
 171  9.3308923e+00 6.18e+00 1.02e+00  -9.3 1.29e+01  -4.1 6.71e-01 1.00e+00h  1
 172  9.7010681e+00 6.14e-01 5.79e-01  -9.1 5.65e+00  -3.7 1.00e+00 1.00e+00h  1
 173  9.7502868e+00 2.35e-01 1.95e-01  -9.2 1.24e+00  -4.1 7.47e-01 6.17e-01h  1
 174  9.7508434e+00 1.63e-02 4.27e-02  -9.2 8.11e-01  -4.6 9.51e-01 1.00e+00h  1
 175  9.7342630e+00 3.58e-03 1.48e-03  -9.2 2.62e-01  -4.2 1.00e+00 1.00e+00h  1
 176  9.6255357e+00 9.15e+00 2.60e-01  -9.2 9.46e+00    -  7.82e-01 1.00e+00h  1
 177  9.5630563e+00 1.31e+00 2.45e+00  -9.2 7.53e+00  -3.3 1.21e-01 1.00e+00h  1
 178  9.5631433e+00 1.31e+00 3.08e+00  -8.3 3.79e+00  -3.4 1.00e+00 1.45e-03h  1
 179  9.5876603e+00 7.40e-01 2.87e+00  -7.5 3.59e+00  -3.0 1.00e+00 4.50e-01h  1
iter    objective    inf_pr   inf_du lg(mu)  ||d||  lg(rg) alpha_du alpha_pr  ls
 180  9.6173331e+00 1.31e-01 2.08e-01  -7.0 1.78e+00  -3.4 1.00e+00 1.00e+00h  1
 181  9.6178020e+00 2.27e-03 2.64e-02  -7.1 2.60e-01  -3.9 1.00e+00 1.00e+00h  1
 182  9.6146496e+00 8.54e-04 6.60e-04  -8.3 2.78e-01  -4.4 1.00e+00 1.00e+00h  1
 183  9.6135032e+00 1.05e-04 1.09e-05 -10.1 1.01e-01  -4.0 1.00e+00 1.00e+00h  1
 184  9.6106717e+00 9.74e-04 3.45e-05 -11.0 2.60e-01  -4.4 1.00e+00 1.00e+00h  1
 185  9.6081172e+00 1.27e-03 4.68e-05 -11.0 2.45e-01  -4.5 1.00e+00 1.00e+00h  1
 186  9.6058134e+00 1.63e-03 6.17e-05 -11.0 2.26e-01  -4.5 1.00e+00 1.00e+00h  1
 187  9.6022112e+00 2.20e-01 1.68e-01 -11.0 7.02e+01    -  4.49e-01 2.69e-02h  4
 188  9.5439400e+00 2.08e+00 1.44e-01 -11.0 6.12e+00    -  1.00e+00 1.00e+00H  1
 189  9.6102422e+00 3.27e-01 1.73e-02 -11.0 4.09e+00  -5.1 1.00e+00 1.00e+00h  1
iter    objective    inf_pr   inf_du lg(mu)  ||d||  lg(rg) alpha_du alpha_pr  ls
 190  9.5625704e+00 6.55e-01 2.43e-02 -11.0 4.86e+00  -6.0 1.00e+00 1.00e+00h  1
 191  9.4989532e+00 1.89e-01 7.65e-03 -11.0 2.38e+00  -5.2 1.00e+00 1.00e+00h  1
 192  9.5324862e+00 8.37e-03 7.76e-02 -11.0 3.77e-01  -2.9 1.00e+00 1.00e+00h  1
 193  9.5309230e+00 2.44e-05 3.64e-03 -11.0 2.40e-02  -3.4 1.00e+00 1.00e+00h  1
 194  9.5300314e+00 3.51e-04 7.15e-05 -11.0 7.75e-02  -3.9 1.00e+00 1.00e+00h  1
 195  9.5273615e+00 3.25e-03 6.57e-05 -11.0 2.37e-01  -4.4 1.00e+00 1.00e+00h  1
 196  9.5262673e+00 4.46e-04 1.01e-05 -11.0 8.98e-02  -4.0 1.00e+00 1.00e+00h  1
 197  9.5258711e+00 6.32e-05 1.00e-05 -11.0 3.37e-02  -3.5 1.00e+00 1.00e+00h  1
 198  9.5257243e+00 8.91e-06 1.00e-05 -11.0 1.26e-02  -3.1 1.00e+00 1.00e+00h  1
 199  9.5256695e+00 1.25e-06 1.00e-05 -11.0 4.73e-03  -2.7 1.00e+00 1.00e+00h  1
iter    objective    inf_pr   inf_du lg(mu)  ||d||  lg(rg) alpha_du alpha_pr  ls
 200  9.5255057e+00 1.13e-05 1.00e-05 -11.0 1.42e-02  -3.2 1.00e+00 1.00e+00h  1
 201  9.5240417e+00 9.26e-04 1.94e-05 -11.0 1.29e-01  -4.1 1.00e+00 1.00e+00h  1
 202  9.5196536e+00 8.61e-03 1.86e-04 -11.0 3.94e-01  -4.6 1.00e+00 1.00e+00h  1
 203  9.5192234e+00 1.52e-05 1.21e-05 -11.0 2.17e-02  -3.3 1.00e+00 1.00e+00h  1
 204  9.5185770e+00 1.64e-04 2.09e-05 -11.0 5.55e-02  -3.7 1.00e+00 1.00e+00h  1
 205  9.5183281e+00 2.29e-05 1.04e-05 -11.0 2.09e-02  -3.3 1.00e+00 1.00e+00h  1
 206  9.5175935e+00 2.08e-04 1.04e-05 -11.0 6.29e-02  -3.8 1.00e+00 1.00e+00h  1
 207  9.5153831e+00 1.90e-03 4.34e-05 -11.0 1.90e-01  -4.3 1.00e+00 1.00e+00h  1
 208  9.5085975e+00 1.80e-02 4.32e-04 -11.0 5.91e-01  -4.7 1.00e+00 1.00e+00h  1
 209  9.5050673e+00 2.22e-03 6.39e-05 -11.0 2.18e-01  -4.3 1.00e+00 1.00e+00h  1
iter    objective    inf_pr   inf_du lg(mu)  ||d||  lg(rg) alpha_du alpha_pr  ls
 210  9.4952482e+00 2.34e-02 6.53e-04 -11.0 6.88e-01  -4.8 1.00e+00 1.00e+00h  1
 211  9.4877145e+00 3.33e-03 3.80e-04 -11.0 2.55e-01  -4.4 1.00e+00 1.00e+00h  1
 212  9.4629385e+00 4.27e-02 2.38e-03 -11.0 9.49e-01  -4.8 1.00e+00 1.00e+00h  1
 213  9.3702270e+00 1.81e+00 1.85e-01 -11.0 6.76e+00  -5.3 1.00e+00 1.00e+00h  1
 214  9.3197024e+00 4.61e-01 4.41e-02 -11.0 3.94e+00  -5.4 1.00e+00 1.00e+00h  1
 215  9.2847858e+00 2.81e-01 9.41e-02 -10.7 3.36e+00  -4.0 1.00e+00 1.00e+00h  1
 216  9.2648456e+00 3.15e-02 3.16e-02 -10.5 8.88e-01  -4.5 1.00e+00 1.00e+00h  1
 217  9.2525856e+00 1.77e-02 3.60e-03 -10.6 6.98e-01  -5.0 9.98e-01 1.00e+00h  1
 218  9.2280105e+00 3.31e+00 1.68e-01  -8.6 3.33e+01    -  1.00e+00 2.64e-01h  1
 219  9.2983905e+00 1.42e+00 1.22e-01  -7.6 6.45e+00    -  4.74e-01 6.66e-01h  1
iter    objective    inf_pr   inf_du lg(mu)  ||d||  lg(rg) alpha_du alpha_pr  ls
 220  9.1933068e+00 1.31e-01 5.20e-03  -7.9 3.60e+00  -5.5 1.00e+00 1.00e+00h  1
 221  9.1932879e+00 1.40e-01 2.90e-02  -7.7 5.12e+00    -  3.14e-01 2.01e-01h  3
 222  9.1918835e+00 2.97e+00 8.01e-02  -7.9 8.32e+00    -  1.00e+00 1.00e+00h  1
 223  9.3568602e+00 2.35e+00 6.03e-02  -8.1 1.47e+01    -  4.66e-01 2.50e-01h  3
 224  9.1471542e+00 3.37e-01 1.86e-02  -8.1 4.80e+00  -5.0 1.00e+00 1.00e+00h  1
 225  9.1570589e+00 2.66e-01 6.12e-02  -6.1 1.86e+00    -  4.81e-01 2.21e-01h  1
 226  9.1938017e+00 1.34e-01 3.63e-03  -6.7 1.86e+00    -  1.00e+00 1.00e+00h  1
 227  9.1939636e+00 1.34e-01 1.68e-01  -6.2 3.44e+01    -  7.45e-01 1.20e-03h  9
 228  9.1936048e+00 5.41e-02 2.03e-03  -6.9 1.12e+00  -5.5 1.00e+00 1.00e+00h  1
 229  9.1863275e+00 4.12e-01 1.40e-02  -6.1 3.09e+00  -6.0 1.00e+00 1.00e+00h  1
iter    objective    inf_pr   inf_du lg(mu)  ||d||  lg(rg) alpha_du alpha_pr  ls
 230  9.1744343e+00 6.99e-02 3.82e-03  -6.2 1.44e+00  -5.6 1.00e+00 1.00e+00h  1
 231  9.1699657e+00 1.72e+00 1.01e-01  -6.2 2.46e+01    -  9.57e-01 2.50e-01h  3
 232  9.1049923e+00 1.55e-01 4.86e-03  -6.3 3.17e+00  -5.6 1.00e+00 1.00e+00h  1
 233  9.1079242e+00 1.54e-01 3.04e-02  -7.1 7.29e+00    -  1.00e+00 6.25e-02h  5
 234  9.1091342e+00 1.53e-01 3.60e-02  -8.1 9.06e+00    -  1.00e+00 3.10e-02h  6
 235  9.1102487e+00 1.53e-01 3.84e-02  -7.8 9.78e+00    -  1.00e+00 3.12e-02h  6
 236  9.1107561e+00 1.52e-01 4.30e-02  -6.4 1.02e+01    -  1.00e+00 1.56e-02h  7
 237  9.1112462e+00 1.51e-01 4.66e-02  -6.9 1.02e+01    -  1.00e+00 1.56e-02h  7
 238  9.1117222e+00 1.49e-01 4.25e-02  -7.7 1.01e+01    -  1.00e+00 1.56e-02h  7
 239  9.1121861e+00 1.48e-01 4.10e-02  -7.8 9.98e+00    -  1.00e+00 1.56e-02h  7
iter    objective    inf_pr   inf_du lg(mu)  ||d||  lg(rg) alpha_du alpha_pr  ls
 240  9.1126389e+00 1.47e-01 4.03e-02  -7.8 9.84e+00    -  1.00e+00 1.56e-02h  7
 241  9.1130809e+00 1.46e-01 3.98e-02  -8.0 9.71e+00    -  1.00e+00 1.56e-02h  7
 242  9.1135095e+00 1.45e-01 3.95e-02  -8.5 9.62e+00    -  9.70e-01 1.56e-02h  7
 243  9.1139274e+00 1.44e-01 3.95e-02  -7.8 9.64e+00    -  1.00e+00 1.56e-02h  7
 244  9.1143306e+00 1.43e-01 4.00e-02  -8.1 9.79e+00    -  1.00e+00 1.56e-02h  7
 245  9.1147167e+00 1.42e-01 4.09e-02  -7.5 1.00e+01    -  1.00e+00 1.56e-02h  7
 246  9.1148975e+00 1.41e-01 4.29e-02  -7.9 1.04e+01    -  1.00e+00 7.81e-03h  8
 247  9.1150722e+00 1.40e-01 4.38e-02  -7.4 1.07e+01    -  1.00e+00 7.81e-03h  8
 248  9.1152400e+00 1.39e-01 4.53e-02  -7.8 1.10e+01    -  1.00e+00 7.81e-03h  8
 249  9.1153982e+00 1.39e-01 4.63e-02  -8.7 1.14e+01    -  1.00e+00 7.74e-03h  8
iter    objective    inf_pr   inf_du lg(mu)  ||d||  lg(rg) alpha_du alpha_pr  ls
 250  9.1155483e+00 1.38e-01 4.84e-02  -7.4 1.19e+01    -  1.00e+00 7.81e-03h  8
 251  9.1156870e+00 1.37e-01 5.14e-02  -7.8 1.26e+01    -  1.00e+00 7.81e-03h  8
 252  9.1158113e+00 1.37e-01 5.44e-02  -7.5 1.34e+01    -  1.00e+00 7.81e-03h  8
 253  9.1158631e+00 1.36e-01 5.88e-02  -8.0 1.46e+01    -  8.81e-01 3.88e-03h  9
 254  9.1159096e+00 1.36e-01 6.25e-02  -7.0 1.53e+01    -  1.00e+00 3.91e-03h  9
 255  9.1159490e+00 1.35e-01 6.81e-02  -7.2 1.62e+01    -  1.00e+00 3.91e-03h  9
 256  9.1159799e+00 1.35e-01 7.15e-02  -7.9 1.73e+01    -  1.00e+00 3.91e-03h  9
 257  9.1160002e+00 1.35e-01 7.69e-02  -7.0 1.87e+01    -  1.00e+00 3.91e-03h  9
 258  9.1160030e+00 1.35e-01 8.64e-02  -7.3 2.06e+01    -  9.73e-01 1.95e-03h 10
 259  9.1160010e+00 1.35e-01 8.95e-02  -8.0 2.18e+01    -  9.71e-01 7.81e-03h  8
iter    objective    inf_pr   inf_du lg(mu)  ||d||  lg(rg) alpha_du alpha_pr  ls
 260  9.1168514e+00 1.32e-01 3.00e-02  -8.0 6.69e+00  -6.6 1.00e+00 3.12e-02h  6
 261  9.1167954e+00 1.32e-01 1.30e-01  -8.0 3.19e+01  -7.5 1.00e+00 2.63e-03h  9
 262  9.1167896e+00 1.32e-01 8.89e-02  -8.0 2.12e+01  -7.1 1.00e+00 3.91e-03h  9
 263  9.1167688e+00 1.31e-01 1.09e-01  -8.0 2.62e+01  -7.2 1.00e+00 1.84e-03h 10
 264  9.1133726e+00 7.22e-01 2.57e-01  -8.0 2.56e+02    -  1.76e-01 1.48e-02h  4
 265  9.1358227e+00 4.98e-02 1.15e-03  -8.0 1.38e+00  -5.4 1.00e+00 1.00e+00h  1
 266  9.1354282e+00 3.34e-01 2.39e-02  -9.1 1.14e+01    -  8.20e-01 2.27e-01h  3
 267  9.1320467e+00 1.75e-01 8.11e-03  -8.7 1.96e+00  -5.9 1.00e+00 1.00e+00h  1
 268  9.1273535e+00 6.16e-01 5.02e-03  -8.7 4.08e+00  -6.4 1.00e+00 1.00e+00H  1
 269  9.1383710e+00 1.17e-01 4.81e-03  -8.7 1.64e+00    -  1.00e+00 1.00e+00h  1
iter    objective    inf_pr   inf_du lg(mu)  ||d||  lg(rg) alpha_du alpha_pr  ls
 270  9.1350550e+00 2.06e-01 1.57e-01  -8.7 5.51e+02  -7.3 7.60e-02 2.43e-03h  5
 271  9.1249134e+00 1.60e+00 5.42e-01  -8.7 1.63e+02    -  1.00e+00 3.42e-02h  3
 272  9.0761999e+00 1.10e-01 2.65e-03  -8.7 2.74e+00  -6.0 1.00e+00 1.00e+00h  1
 273  9.0866830e+00 9.54e-02 7.35e-03  -9.6 2.73e+00  -6.5 1.00e+00 2.50e-01h  3
 274  9.0866081e+00 1.12e-01 9.48e-02  -9.2 3.44e+01    -  1.00e+00 1.83e-02h  6
 275  9.0851745e+00 1.25e+00 2.70e-01  -9.3 5.12e+03    -  1.23e-02 8.91e-04h  3
 276  9.0649628e+00 6.53e-01 1.76e-02  -9.3 3.46e+00  -6.0 1.00e+00 1.00e+00h  1
 277  9.0680281e+00 6.30e-01 3.03e-02  -9.6 1.07e+01  -6.5 1.00e+00 9.96e-02h  4
 278  9.1039798e+00 3.18e-01 9.17e-03 -11.0 2.20e+00  -6.1 1.00e+00 1.00e+00h  1
 279  9.1036560e+00 4.31e-01 3.61e-02 -11.0 1.34e+01  -6.6 1.00e+00 1.23e-01h  3
iter    objective    inf_pr   inf_du lg(mu)  ||d||  lg(rg) alpha_du alpha_pr  ls
 280  9.1009272e+00 8.23e-01 2.82e-02 -11.0 4.04e+00  -6.6 1.00e+00 1.00e+00h  1
 281  9.0907342e+00 7.54e-02 2.54e-03 -11.0 1.63e+00  -5.8 1.00e+00 1.00e+00h  1
 282  9.0914960e+00 7.11e-02 2.44e-03 -11.0 3.20e+00    -  1.00e+00 6.25e-02h  5
 283  9.0918444e+00 6.91e-02 2.72e-03 -11.0 3.27e+00    -  1.00e+00 3.12e-02h  6
 284  9.0921791e+00 6.71e-02 3.24e-03  -9.0 3.34e+00    -  1.00e+00 3.12e-02h  6
 285  9.0925004e+00 6.52e-02 3.34e-03  -9.8 3.46e+00    -  1.00e+00 3.12e-02h  6
 286  9.0928085e+00 6.35e-02 3.62e-03 -10.1 3.63e+00    -  1.00e+00 3.12e-02h  6
 287  9.0931035e+00 6.19e-02 4.07e-03 -11.0 3.88e+00    -  1.00e+00 3.12e-02h  6
 288  9.0932435e+00 6.10e-02 4.84e-03 -11.0 4.25e+00    -  1.00e+00 1.56e-02h  7
 289  9.0933800e+00 6.02e-02 5.67e-03  -9.0 4.51e+00    -  1.00e+00 1.56e-02h  7
iter    objective    inf_pr   inf_du lg(mu)  ||d||  lg(rg) alpha_du alpha_pr  ls
 290  9.0935130e+00 5.94e-02 6.21e-03 -10.5 4.85e+00    -  9.96e-01 1.56e-02h  7
 291  9.0936423e+00 5.87e-02 8.26e-03  -8.5 5.31e+00    -  1.00e+00 1.56e-02h  7
 292  9.0937044e+00 5.83e-02 1.29e-02  -8.2 5.95e+00    -  1.00e+00 7.81e-03h  8
 293  9.0937632e+00 5.80e-02 1.39e-02  -9.6 6.40e+00    -  1.00e+00 7.55e-03h  8
 294  9.0938228e+00 5.76e-02 4.26e-02  -7.6 6.96e+00    -  1.00e+00 7.81e-03h  8
 295  9.0938799e+00 5.73e-02 4.52e-02  -9.0 7.72e+00    -  9.93e-01 7.68e-03h  8
 296  9.0939078e+00 5.71e-02 1.44e-01  -6.9 8.78e+00    -  1.00e+00 3.91e-03h  9
 297  9.0939350e+00 5.70e-02 1.11e-01  -8.2 9.54e+00    -  1.00e+00 3.91e-03h  9
 298  9.0939614e+00 5.68e-02 1.10e-01  -9.7 1.05e+01    -  1.00e+00 3.91e-03h  9
 299  9.0939834e+00 5.67e-02 1.25e-01 -10.4 1.19e+01    -  1.00e+00 3.39e-03h  9
iter    objective    inf_pr   inf_du lg(mu)  ||d||  lg(rg) alpha_du alpha_pr  ls
 300  9.0939932e+00 5.66e-02 1.57e-01  -8.3 1.36e+01    -  1.00e+00 1.60e-03h 10
 301  9.0940926e+00 5.77e-02 2.96e-01  -6.5 1.46e+01    -  1.00e+00 1.50e-02h  7
 302  9.0940949e+00 6.43e-02 9.07e-01  -6.5 8.39e+01    -  5.61e-01 4.66e-03h  7
 303  9.0941199e+00 6.41e-02 1.12e-01  -6.5 4.83e+00  -6.7 4.02e-02 2.59e-03h  4
 304  9.0941263e+00 6.40e-02 3.41e-01  -6.5 4.90e+00  -6.8 1.00e+00 9.77e-04h 11
 305  9.0941268e+00 6.40e-02 2.94e-02  -6.5 2.03e+01  -6.8 4.46e-01 4.68e-05h 15
 306  9.0941273e+00 6.40e-02 3.35e-01  -6.5 1.72e+00  -6.4 1.00e+00 6.10e-05h 15
 307r 9.0941273e+00 6.40e-02 9.99e+02  -1.2 0.00e+00  -6.4 0.00e+00 4.77e-07R 22
 308r 9.0951300e+00 4.78e-02 9.90e+02  -3.3 3.32e+02    -  6.19e-01 2.65e-04f  1
 309r 9.0970776e+00 4.31e-02 5.46e+02  -1.8 3.75e+00    -  1.00e+00 5.83e-02f  1
iter    objective    inf_pr   inf_du lg(mu)  ||d||  lg(rg) alpha_du alpha_pr  ls
 310r 9.1024080e+00 4.36e-04 3.52e+00  -1.8 2.79e-01    -  1.00e+00 9.90e-01f  1
 311  9.1009057e+00 7.94e-02 4.95e-01  -5.8 3.91e+00    -  1.00e+00 3.19e-01h  1
 312  9.0995058e+00 6.37e-01 1.23e-01  -5.9 4.49e+00    -  1.00e+00 7.79e-01h  1
 313  9.1001140e+00 6.16e-01 1.82e-01  -5.9 4.40e+00  -6.9 1.79e-01 3.41e-02h  5
 314  9.0995905e+00 5.40e-02 4.45e-03  -5.9 1.19e+00  -6.5 1.00e+00 9.69e-01h  1
 315  9.0988281e+00 2.87e-02 3.07e-02  -5.9 8.93e-01  -6.1 1.00e+00 8.85e-01h  1
 316  9.0990860e+00 2.44e-02 7.69e-04  -5.9 7.04e-01  -6.1 1.00e+00 1.00e+00h  1
 317  9.0987534e+00 1.84e-01 4.52e-03  -5.9 3.46e+00  -6.6 1.00e+00 5.00e-01h  2
 318  9.0961423e+00 6.61e-01 2.63e-02  -5.9 6.98e+00  -7.1 1.00e+00 5.00e-01h  2
 319  9.0886040e+00 2.64e-02 9.95e-04  -5.9 1.18e+00  -5.7 1.00e+00 1.00e+00h  1
iter    objective    inf_pr   inf_du lg(mu)  ||d||  lg(rg) alpha_du alpha_pr  ls
 320r 9.0886040e+00 2.64e-02 9.99e+02  -1.6 0.00e+00    -  0.00e+00 4.77e-07R 14
 321r 9.0919946e+00 6.41e-03 5.24e+02  -3.7 1.24e+02    -  1.00e+00 1.02e-03f  1
 322  9.0921033e+00 6.16e-03 9.09e-01  -5.9 2.60e+00    -  1.00e+00 3.12e-02h  6
 323  9.0922037e+00 6.18e-03 8.77e-01  -6.6 2.60e+00    -  9.99e-01 3.12e-02h  6
 324  9.0922997e+00 6.33e-03 8.44e-01  -7.4 2.51e+00    -  1.00e+00 3.12e-02h  6
 325  9.0923935e+00 6.46e-03 8.17e-01  -7.4 2.42e+00    -  1.00e+00 3.12e-02h  6
 326  9.0924843e+00 6.56e-03 7.91e-01  -7.8 2.34e+00    -  1.00e+00 3.11e-02h  6
 327  9.0925731e+00 6.63e-03 7.65e-01  -7.8 2.27e+00    -  1.00e+00 3.12e-02h  6
 328  9.0926596e+00 6.68e-03 7.41e-01  -7.4 2.20e+00    -  1.00e+00 3.12e-02h  6
 329  9.0927434e+00 6.72e-03 7.16e-01  -7.7 2.14e+00    -  1.00e+00 3.12e-02h  6
iter    objective    inf_pr   inf_du lg(mu)  ||d||  lg(rg) alpha_du alpha_pr  ls
 330  9.0928248e+00 6.74e-03 6.93e-01  -7.3 2.07e+00    -  1.00e+00 3.12e-02h  6
 331  9.0929034e+00 6.75e-03 6.69e-01  -7.7 2.02e+00    -  1.00e+00 3.12e-02h  6
 332  9.0929794e+00 6.74e-03 6.47e-01  -7.8 1.97e+00    -  1.00e+00 3.12e-02h  6
 333  9.0930530e+00 6.72e-03 6.25e-01  -7.4 1.92e+00    -  1.00e+00 3.12e-02h  6
 334  9.0931241e+00 6.70e-03 6.04e-01  -7.8 1.88e+00    -  1.00e+00 3.12e-02h  6
 335  9.0931928e+00 6.66e-03 5.84e-01  -7.5 1.83e+00    -  1.00e+00 3.12e-02h  6
 336  9.0932591e+00 6.62e-03 5.64e-01  -7.7 1.79e+00    -  1.00e+00 3.12e-02h  6
 337  9.0933230e+00 6.57e-03 5.45e-01  -7.9 1.76e+00    -  1.00e+00 3.12e-02h  6
 338  9.0933845e+00 6.51e-03 5.27e-01  -8.0 1.72e+00    -  1.00e+00 3.12e-02h  6
 339  9.0934441e+00 6.45e-03 5.09e-01  -7.7 1.69e+00    -  1.00e+00 3.12e-02h  6
iter    objective    inf_pr   inf_du lg(mu)  ||d||  lg(rg) alpha_du alpha_pr  ls
 340  9.0935015e+00 6.39e-03 4.92e-01  -7.9 1.66e+00    -  1.00e+00 3.12e-02h  6
 341  9.0935569e+00 6.32e-03 4.76e-01  -7.9 1.63e+00    -  1.00e+00 3.12e-02h  6
 342  9.0936102e+00 6.25e-03 4.60e-01  -7.9 1.60e+00    -  1.00e+00 3.12e-02h  6
 343  9.0936616e+00 6.18e-03 4.44e-01  -8.1 1.58e+00    -  1.00e+00 3.12e-02h  6
 344  9.0937112e+00 6.10e-03 4.30e-01  -7.7 1.56e+00    -  1.00e+00 3.12e-02h  6
 345  9.0937590e+00 6.03e-03 4.16e-01  -8.0 1.54e+00    -  1.00e+00 3.12e-02h  6
 346  9.0938050e+00 5.95e-03 4.02e-01  -7.7 1.52e+00    -  1.00e+00 3.12e-02h  6
 347  9.0938492e+00 5.87e-03 3.89e-01  -8.1 1.51e+00    -  1.00e+00 3.12e-02h  6
 348  9.0938918e+00 5.79e-03 3.76e-01  -8.1 1.49e+00    -  1.00e+00 3.12e-02h  6
 349  9.0939326e+00 5.71e-03 3.63e-01  -8.2 1.48e+00    -  1.00e+00 3.12e-02h  6
iter    objective    inf_pr   inf_du lg(mu)  ||d||  lg(rg) alpha_du alpha_pr  ls
 350  9.0939720e+00 5.64e-03 3.52e-01  -7.9 1.47e+00    -  1.00e+00 3.12e-02h  6
 351  9.0940099e+00 5.56e-03 3.40e-01  -7.9 1.46e+00    -  1.00e+00 3.12e-02h  6
 352  9.0940462e+00 5.48e-03 3.29e-01  -8.1 1.46e+00    -  1.00e+00 3.12e-02h  6
 353  9.0940846e+00 5.41e-03 3.40e-01  -6.3 1.42e+00    -  1.00e+00 3.12e-02h  6
 354  9.0941185e+00 5.33e-03 3.16e-01  -7.3 1.45e+00    -  1.00e+00 3.12e-02h  6
 355  9.0941505e+00 5.26e-03 3.01e-01  -8.0 1.46e+00    -  1.00e+00 3.12e-02h  6
 356  9.0941812e+00 5.19e-03 2.90e-01  -7.7 1.46e+00    -  1.00e+00 3.12e-02h  6
 357  9.0942105e+00 5.12e-03 2.80e-01  -7.8 1.46e+00    -  1.00e+00 3.12e-02h  6
 358  9.0942384e+00 5.06e-03 2.70e-01  -8.3 1.47e+00    -  1.00e+00 3.12e-02h  6
 359  9.0942651e+00 5.00e-03 2.61e-01  -8.0 1.49e+00    -  1.00e+00 3.12e-02h  6
iter    objective    inf_pr   inf_du lg(mu)  ||d||  lg(rg) alpha_du alpha_pr  ls
 360  9.0955035e+00 1.05e-03 1.34e-03  -7.6 1.81e-01  -5.8 1.00e+00 1.00e+00h  1
 361  9.0954307e+00 4.35e-02 7.39e-03  -7.3 3.75e+00    -  1.00e+00 2.50e-01h  3
 362  9.0950432e+00 1.61e-02 4.60e-04  -7.4 5.59e-01  -6.3 1.00e+00 1.00e+00h  1
 363  9.0949411e+00 3.50e-02 9.45e-04  -7.4 7.99e-01  -6.3 1.00e+00 1.00e+00h  1
 364  9.0946822e+00 1.48e-01 6.43e-02  -7.4 5.72e+00  -6.8 1.00e+00 2.50e-01h  3
 365  9.0934919e+00 3.90e-01 8.11e-02  -7.4 9.91e+00    -  1.00e+00 2.50e-01h  3
 366  9.0877604e+00 1.31e-01 3.24e-03  -7.4 1.54e+00  -6.4 1.00e+00 1.00e+00h  1
 367  9.0880706e+00 1.29e-01 6.11e-02  -7.4 5.48e+00  -6.8 1.00e+00 6.25e-02h  5
 368  9.0880744e+00 1.29e-01 2.22e-01  -7.4 1.88e+01  -7.3 1.00e+00 3.91e-03h  9
 369  9.0886308e+00 1.21e-01 1.92e-02  -7.4 3.07e+00  -6.9 1.00e+00 1.25e-01h  4
iter    objective    inf_pr   inf_du lg(mu)  ||d||  lg(rg) alpha_du alpha_pr  ls
 370  9.0886596e+00 1.20e-01 6.80e-02  -7.4 9.13e+00    -  1.00e+00 1.56e-02h  7
 371  9.0887394e+00 1.18e-01 3.53e-02  -7.4 6.18e+00    -  1.00e+00 3.12e-02h  6
 372  9.0889217e+00 1.14e-01 1.57e-02  -7.4 4.43e+00    -  1.00e+00 6.25e-02h  5
 373  9.0897652e+00 9.87e-02 2.87e-03  -7.4 2.13e+00  -7.4 1.00e+00 2.50e-01h  3
 374  9.0900260e+00 9.36e-02 6.00e-03  -7.4 3.38e+00    -  1.00e+00 1.25e-01h  4
 375  9.0900447e+00 9.23e-02 3.61e-02  -7.4 6.49e+00  -7.9 1.00e+00 3.12e-02h  6
 376  9.0900517e+00 9.13e-02 5.00e-02  -7.4 7.34e+00  -7.4 1.00e+00 3.12e-02h  6
 377  9.0932912e+00 4.88e-01 1.33e-02  -7.4 3.03e+00  -7.0 1.00e+00 1.00e+00w  1
 378  9.0841435e+00 1.33e-01 6.33e-03  -7.4 1.86e+00  -6.6 1.00e+00 1.00e+00h  1
 379  9.0905949e+00 8.25e-02 2.06e-03  -7.4 1.77e+00  -7.1 1.00e+00 1.00e+00H  1
iter    objective    inf_pr   inf_du lg(mu)  ||d||  lg(rg) alpha_du alpha_pr  ls
 380  9.0894862e+00 1.34e-02 2.64e-03  -7.4 1.35e+00    -  1.00e+00 1.00e+00H  1
 381  9.0907713e+00 2.12e-02 1.38e-02  -7.4 1.21e+00    -  1.00e+00 5.00e-01h  2
 382  9.0908191e+00 2.07e-02 3.01e-03  -7.4 2.16e+00  -7.1 1.00e+00 6.25e-02h  5
 383  9.0913452e+00 2.21e-02 2.70e-04  -7.4 7.87e-01  -6.7 1.00e+00 1.00e+00H  1
 384  9.0914765e+00 8.30e-03 6.55e-04  -7.4 1.21e+00  -6.7 1.00e+00 5.00e-01h  2
 385  9.0913714e+00 1.48e-02 4.03e-04  -8.6 5.12e-01  -6.3 1.00e+00 1.00e+00h  1
 386  9.0912796e+00 4.49e-02 9.63e-02  -8.7 1.16e+01  -7.3 1.00e+00 6.25e-02h  5
 387  9.0911162e+00 1.04e-01 1.47e-02  -8.7 4.71e+00    -  1.00e+00 2.50e-01h  3
 388  9.0906781e+00 2.18e-01 7.87e-03  -8.7 2.19e+00    -  1.00e+00 1.00e+00h  1
 389  9.0897701e+00 3.58e-03 1.58e-04  -8.7 4.38e-01  -5.9 1.00e+00 1.00e+00h  1
iter    objective    inf_pr   inf_du lg(mu)  ||d||  lg(rg) alpha_du alpha_pr  ls
 390  9.0906749e+00 2.72e-04 6.16e-06 -10.5 6.54e-02  -5.5 1.00e+00 1.00e+00h  1
 391  9.0906409e+00 2.42e-03 6.37e-05 -11.0 2.04e-01  -6.0 1.00e+00 1.00e+00h  1
 392  9.0906383e+00 5.62e-02 2.59e-02 -11.0 3.83e+00  -6.9 1.00e+00 2.50e-01h  3
 393  9.0904734e+00 1.46e-01 1.84e-02 -11.0 5.73e+00    -  1.00e+00 2.50e-01h  3
 394  9.0901682e+00 6.23e-01 1.99e-02 -11.0 3.71e+00    -  1.00e+00 1.00e+00h  1
 395  9.0828053e+00 2.71e-02 7.39e-04 -11.0 1.13e+00  -6.1 1.00e+00 1.00e+00h  1
 396  9.0896432e+00 1.23e-03 2.76e-04 -11.0 4.42e-01  -6.6 1.00e+00 1.00e+00H  1
 397  9.0892540e+00 6.26e-02 1.46e-04 -11.0 1.20e+00    -  1.00e+00 1.00e+00H  1
 398  9.0898737e+00 3.03e-02 1.26e-03 -11.0 8.10e-01    -  1.00e+00 1.00e+00h  1
 399  9.0897327e+00 4.91e-02 1.10e-03 -11.0 1.28e+00    -  1.00e+00 1.00e+00H  1
iter    objective    inf_pr   inf_du lg(mu)  ||d||  lg(rg) alpha_du alpha_pr  ls
 400  9.0897450e+00 2.79e-02 1.18e-03 -11.0 8.00e-01    -  1.00e+00 1.00e+00h  1
 401  9.0896081e+00 3.14e-02 1.56e-03 -11.0 1.28e+00    -  1.00e+00 5.00e-01h  2
 402  9.0895647e+00 4.43e-02 1.14e-01 -11.0 3.51e+01    -  1.00e+00 1.56e-02h  7
 403  9.0894665e+00 1.02e-03 2.44e-05 -11.0 1.51e-01  -6.2 1.00e+00 1.00e+00h  1
 404  9.0894185e+00 1.05e-02 4.38e-04 -11.0 5.86e-01  -6.7 1.00e+00 1.00e+00H  1
 405  9.0894828e+00 2.58e-03 7.38e-05 -11.0 2.34e-01  -6.2 1.00e+00 1.00e+00h  1
 406  9.0894393e+00 5.52e-03 1.40e-04 -11.0 3.25e-01  -6.3 1.00e+00 1.00e+00h  1
 407  9.0893999e+00 1.75e-02 1.10e-02 -11.0 1.95e+00  -6.8 1.00e+00 2.50e-01h  3
 408  9.0889462e+00 8.27e-02 2.93e-03 -11.0 1.82e+00  -6.8 1.00e+00 1.00e+00H  1
 409  9.0891481e+00 3.75e-02 1.66e-02 -11.0 8.21e-01    -  1.00e+00 5.00e-01h  2
iter    objective    inf_pr   inf_du lg(mu)  ||d||  lg(rg) alpha_du alpha_pr  ls
 410  9.0892480e+00 1.87e-02 4.07e-03 -11.0 8.49e-01  -6.9 1.00e+00 5.00e-01h  2
 411  9.0892060e+00 3.91e-02 5.24e-01 -11.0 2.52e+03  -7.8 6.61e-02 3.45e-04h  8
In iteration 411, 1 Slack too small, adjusting variable bound
 412  9.0892058e+00 3.91e-02 6.45e-02 -11.0 2.04e+02  -7.4 8.15e-01 2.32e-06h  1
 413  9.0890231e+00 5.50e-02 4.16e-01 -11.0 2.68e+05  -7.9 3.37e-04 2.27e-06h  8
In iteration 413, 1 Slack too small, adjusting variable bound
 414  9.0890137e+00 5.33e-02 9.85e-02 -11.0 2.32e+00    -  1.03e-01 3.72e-02h  1
In iteration 414, 1 Slack too small, adjusting variable bound
 415  9.0890130e+00 5.32e-02 1.75e-01 -11.0 2.02e+00    -  1.00e+00 7.32e-04h  1
 416  9.0888024e+00 7.31e-02 1.02e-01 -11.0 2.03e+00    -  7.51e-01 5.00e-01h  2
 417  9.0887357e+00 5.51e-02 2.12e-03 -11.0 1.14e+00    -  1.00e+00 1.00e+00h  1
 418  9.0887170e+00 9.62e-02 5.34e-01 -11.0 3.88e+05  -7.4 2.48e-04 2.49e-06h  7
 419  9.0887138e+00 9.40e-02 4.62e-01 -11.0 2.75e-01  -6.1 9.62e-01 2.23e-02h  1
iter    objective    inf_pr   inf_du lg(mu)  ||d||  lg(rg) alpha_du alpha_pr  ls
 420  9.0886948e+00 6.10e-04 2.50e-05 -11.0 1.89e-01  -5.7 1.00e+00 1.00e+00h  1
 421  9.0885121e+00 4.87e-02 9.85e-05 -11.0 9.86e-01  -6.6 1.00e+00 1.00e+00H  1
 422  9.0886980e+00 5.32e-03 4.16e-03 -11.0 6.85e+00  -7.6 1.00e+00 1.25e-01h  4
 423  9.0886671e+00 1.01e-02 5.21e-03 -11.0 3.79e+00    -  1.00e+00 1.25e-01h  4
 424  9.0886000e+00 1.79e-02 1.79e-03 -11.0 1.84e+00    -  1.00e+00 2.50e-01h  3
 425  9.0882244e+00 6.66e-02 1.06e-03 -11.0 1.44e+00    -  1.00e+00 1.00e+00H  1
 426  9.0879655e+00 3.40e-02 3.56e-03 -11.0 1.37e+00    -  1.00e+00 1.00e+00H  1
 427  9.0880120e+00 3.37e-02 8.71e-03 -11.0 4.54e+00  -7.2 1.00e+00 3.12e-02h  6
 428  9.0879540e+00 4.95e-02 2.38e-04 -11.0 1.06e+00  -6.8 1.00e+00 1.00e+00H  1
 429  9.0882928e+00 2.08e-02 1.20e-02 -11.0 2.35e+00  -7.3 1.00e+00 2.50e-01h  3
iter    objective    inf_pr   inf_du lg(mu)  ||d||  lg(rg) alpha_du alpha_pr  ls
 430  9.0884291e+00 8.16e-03 4.05e-03 -11.0 1.52e+00  -6.9 1.00e+00 2.50e-01h  3
 431  9.0886264e+00 5.45e-03 2.77e-04 -11.0 5.34e-01  -6.4 1.00e+00 1.00e+00H  1
 432  9.0881019e+00 8.11e-02 1.54e-03 -11.0 1.58e+00  -6.9 1.00e+00 1.00e+00H  1
 433  9.0886118e+00 3.63e-02 1.72e-02 -11.0 2.05e+00    -  1.00e+00 5.00e-01h  2
 434  9.0884379e+00 3.67e-02 4.53e-03 -11.0 4.74e+00    -  1.00e+00 1.25e-01h  4
 435  9.0882792e+00 5.95e-02 5.99e-03 -11.0 1.95e+00    -  1.00e+00 5.00e-01h  2
 436  9.0881933e+00 5.84e-02 2.30e-03 -11.0 1.19e+00    -  1.00e+00 1.00e+00h  1
 437  9.0881993e+00 3.81e-02 1.20e-03 -11.0 9.26e-01  -7.0 1.00e+00 1.00e+00h  1
 438  9.0881999e+00 2.31e-02 5.93e-04 -11.0 6.71e-01  -6.5 1.00e+00 1.00e+00h  1
 439  9.0881161e+00 3.63e-03 1.05e-04 -11.0 2.62e-01  -6.1 1.00e+00 1.00e+00h  1
iter    objective    inf_pr   inf_du lg(mu)  ||d||  lg(rg) alpha_du alpha_pr  ls
 440  9.0877436e+00 3.94e-02 4.11e-04 -11.0 9.67e-01  -6.6 1.00e+00 1.00e+00H  1
 441  9.0879249e+00 5.97e-03 2.12e-02 -11.0 3.02e+00    -  1.00e+00 2.50e-01h  3
 442  9.0877888e+00 5.68e-02 5.02e-03 -11.0 1.67e+00    -  1.00e+00 1.00e+00H  1
 443  9.0876861e+00 8.94e-02 3.12e-02 -11.0 9.02e+00    -  1.00e+00 1.25e-01h  4
 444  9.0873319e+00 8.28e-02 2.66e-02 -11.0 1.93e+00    -  1.00e+00 5.00e-01h  2
 445  9.0874117e+00 6.61e-02 2.71e-03 -11.0 1.31e+00    -  1.00e+00 1.00e+00h  1
 446  9.0873763e+00 2.56e-02 8.27e-04 -11.0 1.40e+00  -7.1 1.00e+00 1.00e+00H  1
 447  9.0875516e+00 2.74e-03 7.54e-05 -11.0 2.29e-01  -6.2 1.00e+00 1.00e+00h  1
 448  9.0875268e+00 4.55e-03 1.24e-04 -11.0 3.07e-01  -6.3 1.00e+00 1.00e+00h  1
 449  9.0874679e+00 9.19e-03 2.33e-04 -11.0 4.29e-01  -6.3 1.00e+00 1.00e+00h  1
iter    objective    inf_pr   inf_du lg(mu)  ||d||  lg(rg) alpha_du alpha_pr  ls
 450  9.0873685e+00 1.82e-02 4.76e-04 -11.0 5.81e-01  -6.4 1.00e+00 1.00e+00h  1
 451  9.0872736e+00 6.25e-02 4.06e-03 -11.0 1.99e+00  -6.8 1.00e+00 5.00e-01h  2
 452  9.0870774e+00 1.17e-01 9.65e-03 -11.0 5.09e+00    -  1.00e+00 2.50e-01h  3
 453  9.0861684e+00 5.13e-02 1.80e-03 -11.0 1.16e+00  -6.9 1.00e+00 1.00e+00h  1
 454  9.0865506e+00 2.43e-02 6.44e-04 -11.0 7.14e-01  -6.5 1.00e+00 1.00e+00h  1
 455  9.0864906e+00 4.04e-03 1.06e-04 -11.0 2.79e-01  -6.0 1.00e+00 1.00e+00h  1
 456  9.0864638e+00 5.81e-04 1.54e-05 -11.0 1.04e-01  -5.6 1.00e+00 1.00e+00h  1
 457  9.0857653e+00 8.43e-02 7.71e-05 -11.0 1.27e+00  -6.6 1.00e+00 1.00e+00H  1
 458  9.0862094e+00 2.04e-02 2.40e-02 -11.0 3.66e+00    -  1.00e+00 2.50e-01h  3
 459  9.0862066e+00 8.40e-03 1.64e-02 -11.0 2.54e+00    -  1.00e+00 2.50e-01h  3
iter    objective    inf_pr   inf_du lg(mu)  ||d||  lg(rg) alpha_du alpha_pr  ls
 460  9.0861847e+00 4.13e-02 8.65e-03 -11.0 1.99e+00    -  1.00e+00 5.00e-01h  2
 461  9.0860223e+00 4.62e-02 1.39e-02 -11.0 6.91e+00    -  1.00e+00 6.25e-02h  5
 462  9.0856443e+00 9.15e-02 3.34e-03 -11.0 2.66e+00  -7.0 1.00e+00 5.00e-01h  2
 463  9.0848075e+00 1.78e-02 4.90e-04 -11.0 6.20e-01  -6.2 1.00e+00 1.00e+00h  1
 464  9.0847050e+00 4.05e-02 5.02e-01 -11.0 1.80e+02  -7.1 6.33e-01 3.70e-03h  8
 465r 9.0847050e+00 4.05e-02 9.99e+02  -1.4 0.00e+00  -7.6 0.00e+00 2.97e-07R 22
 466r 9.0849261e+00 3.42e-02 9.99e+02  -7.4 2.54e+02    -  4.77e-04 1.56e-04f  1
 467r 9.0836430e+00 7.79e-03 3.95e+02  -7.4 2.26e+02    -  6.05e-01 1.46e-03f  1
 468  9.0836430e+00 7.79e-03 1.07e+00 -11.0 2.99e+00    -  1.00e+00 6.49e-04h  1
 469  9.0836290e+00 6.97e-02 3.91e-01 -11.0 2.99e+00    -  1.00e+00 6.16e-01H  1
iter    objective    inf_pr   inf_du lg(mu)  ||d||  lg(rg) alpha_du alpha_pr  ls
 470  9.0832973e+00 1.62e-01 3.20e-02 -11.0 1.24e+00  -7.2 1.00e+00 1.00e+00H  1
 471  9.0836071e+00 1.33e-01 6.60e-02 -11.0 1.94e+00    -  1.00e+00 2.50e-01h  3
 472  9.0836137e+00 1.28e-01 8.21e-02 -11.0 4.40e+00    -  1.00e+00 6.25e-02h  5
 473  9.0835812e+00 1.36e-01 7.82e-02 -11.0 5.35e+00    -  1.00e+00 1.25e-01h  4
 474  9.0845140e+00 1.08e-03 2.13e-04 -11.0 2.48e-01  -5.4 1.00e+00 1.00e+00h  1
 475  9.0847523e+00 6.58e-05 3.49e-04 -11.0 2.96e-01  -5.9 1.00e+00 1.00e+00H  1
 476  9.0847032e+00 2.00e-02 7.64e-04 -11.0 7.34e-01  -6.4 1.00e+00 1.00e+00h  1
 477  9.0846739e+00 7.21e-02 2.90e-02 -11.0 9.56e+00    -  1.00e+00 1.25e-01h  4
 478  9.0840218e+00 2.26e-01 1.07e-02 -11.0 4.58e+00  -6.9 1.00e+00 5.00e-01h  2
 479  9.0782701e+00 2.47e-01 9.14e-03 -11.0 2.48e+00  -6.4 1.00e+00 1.00e+00h  1
iter    objective    inf_pr   inf_du lg(mu)  ||d||  lg(rg) alpha_du alpha_pr  ls
 480  9.0774738e+00 3.27e-01 4.69e-02 -11.0 8.73e+00  -6.9 1.00e+00 2.50e-01h  3
 481  9.0769508e+00 4.41e-02 1.53e-03 -11.0 1.08e+00  -6.1 1.00e+00 1.00e+00h  1
 482  9.0773419e+00 4.17e-02 2.40e-03  -9.0 2.14e+00  -6.5 1.00e+00 1.25e-01h  4
 483  9.0772249e+00 6.27e-02 4.43e-01  -9.8 1.14e+02    -  7.19e-01 6.25e-03h  8
 484  9.0770721e+00 7.86e-02 4.28e-01  -9.5 3.43e+01    -  1.27e-02 6.64e-05H  1
 485  9.0770687e+00 7.86e-02 6.48e-01  -9.5 4.38e+02    -  1.00e+00 1.35e-05h  1
 486  9.0771923e+00 7.48e-02 7.85e-03  -9.5 2.68e+00  -6.6 1.00e+00 6.25e-02h  5
 487  8.8362131e+00 2.38e+01 4.29e-01  -9.5 1.07e+02    -  1.27e-02 1.75e-02H  1
 488  9.2575670e+00 1.66e+01 1.33e+00  -8.7 3.84e+01  -4.4 9.47e-01 3.03e-01h  1
 489  1.1501479e+01 6.66e+00 4.52e+00  -8.5 2.40e+01  -4.0 1.36e-03 6.47e-01h  1
iter    objective    inf_pr   inf_du lg(mu)  ||d||  lg(rg) alpha_du alpha_pr  ls
 490  1.0907693e+01 8.09e+00 7.12e+00  -8.5 1.81e+01  -3.6 1.66e-01 1.00e+00h  1
 491  1.0745153e+01 5.23e+00 5.66e+00  -8.5 1.44e+01  -3.1 3.84e-01 3.47e-01h  1
 492  1.0745044e+01 5.23e+00 5.66e+00  -8.5 6.25e+01  -3.6 1.67e-04 5.72e-05h  1
 493  1.0739707e+01 5.14e+00 5.56e+00  -8.5 1.22e+01  -3.2 4.24e-02 1.74e-02h  1
 494  1.0729565e+01 4.94e+00 6.88e+00  -8.5 1.17e+01  -2.8 1.00e+00 3.83e-02h  1
 495  1.0903305e+01 2.30e+00 8.01e+00  -8.5 1.14e+01  -3.2 1.00e+00 1.00e+00h  1
 496  1.1110268e+01 2.23e-01 6.54e+00  -8.5 5.43e+00  -2.8 7.15e-01 1.00e+00h  1
 497  1.1110238e+01 2.22e-01 6.54e+00  -8.5 8.13e-01  -2.4 2.88e-02 3.03e-04h  1
 498  1.1110066e+01 2.22e-01 6.53e+00  -8.5 1.10e+00  -2.9 1.00e+00 1.36e-03h  1
 499  1.1069533e+01 1.30e-01 6.82e+00  -8.5 8.02e-01  -2.4 1.00e+00 4.15e-01h  1
iter    objective    inf_pr   inf_du lg(mu)  ||d||  lg(rg) alpha_du alpha_pr  ls
 500  1.1004162e+01 8.43e-03 3.35e-01  -8.5 5.20e-01  -2.9 1.00e+00 1.00e+00h  1
 501  1.0954068e+01 4.81e-04 2.10e-02  -8.5 2.67e-01  -3.4 1.00e+00 1.00e+00h  1
 502  1.0839097e+01 4.32e-03 7.76e-04  -8.5 7.86e-01  -3.9 1.00e+00 1.00e+00h  1
 503  1.0554881e+01 3.99e-02 8.47e-04  -8.5 2.12e+00  -4.3 1.00e+00 1.00e+00h  1
 504  1.0030755e+01 3.04e-01 3.65e-03  -8.5 4.75e+00  -4.8 1.00e+00 1.00e+00h  1
 505  9.6265627e+00 1.34e+00 3.83e-02  -8.5 1.16e+01  -5.8 1.00e+00 4.03e-01h  1
 506  9.3388593e+00 7.99e-01 1.27e-01  -8.5 8.71e+00  -5.8 1.00e+00 6.26e-01h  1
 507  9.2820112e+00 1.42e-01 7.16e-03  -8.5 3.41e+00  -5.4 1.00e+00 1.00e+00h  1
 508  9.1874914e+00 5.31e-02 8.58e-02  -8.5 2.13e+00  -5.0 8.06e-01 1.00e+00h  1
 509  9.1191616e+00 8.44e-02 5.19e-03  -8.5 2.27e+00  -5.5 1.00e+00 1.00e+00h  1
iter    objective    inf_pr   inf_du lg(mu)  ||d||  lg(rg) alpha_du alpha_pr  ls
 510  9.0888461e+00 5.53e-01 3.80e-01  -8.5 9.40e+00  -6.4 8.50e-01 3.03e-01h  1
 511  9.0486513e+00 5.16e-01 1.19e-02  -8.5 3.34e+00  -6.5 1.00e+00 1.00e+00h  1
 512  9.0609351e+00 1.06e-02 6.08e-04  -8.7 1.12e+00  -4.2 1.00e+00 1.00e+00h  1
 513  9.0660431e+00 1.66e-05 3.12e-05 -10.1 3.77e-02  -3.8 1.00e+00 1.00e+00h  1
 514  9.0658716e+00 8.51e-05 7.85e-05 -11.0 4.03e-02  -4.3 1.00e+00 1.00e+00h  1
 515  9.0654645e+00 6.64e-04 1.49e-05 -11.0 1.12e-01  -4.8 1.00e+00 1.00e+00h  1
 516  9.0646676e+00 4.73e-03 1.67e-03  -9.0 6.42e-01  -5.7 1.00e+00 4.44e-01h  1
 517  9.0636850e+00 6.69e-02 1.22e-01  -9.1 5.34e+00  -6.7 1.00e+00 2.50e-01h  3
 518  9.0623928e+00 1.73e-04 6.68e-06  -9.1 1.18e-01  -4.4 1.00e+00 1.00e+00h  1
 519  9.0624651e+00 1.00e-05 1.45e-06 -10.6 1.35e-02  -4.0 1.00e+00 1.00e+00h  1
iter    objective    inf_pr   inf_du lg(mu)  ||d||  lg(rg) alpha_du alpha_pr  ls
 520  9.0623737e+00 8.78e-05 2.28e-06  -8.6 3.97e-02  -4.5 1.00e+00 1.00e+00h  1
 521  9.0621358e+00 6.72e-04 1.43e-05  -8.3 1.10e-01  -5.0 1.00e+00 1.00e+00h  1
 522  9.0618923e+00 7.17e-04 1.53e-05  -9.8 1.13e-01  -5.0 1.00e+00 1.00e+00h  1
 523  9.0611117e+00 2.39e-02 5.29e-04 -10.7 7.46e-01  -6.0 1.00e+00 1.00e+00h  1
 524  9.0601537e+00 2.73e-01 1.28e-01 -10.8 5.24e+01    -  2.13e-01 5.05e-02h  5
 525  9.0533250e+00 4.98e-02 1.25e-03  -9.6 1.24e+00  -6.0 1.00e+00 1.00e+00h  1
 526  9.0521630e+00 5.22e-01 2.30e-02  -9.9 3.84e+00  -6.5 1.00e+00 1.00e+00H  1
 527  9.0573099e+00 2.41e-01 5.08e-03 -10.6 4.04e+00    -  1.00e+00 9.81e-01H  1
 528  9.0583091e+00 2.33e-01 6.92e-02 -10.5 6.11e+00    -  1.00e+00 2.50e-01h  3
 529  9.0573577e+00 2.36e-01 1.49e-01 -10.5 1.01e+01    -  1.00e+00 1.25e-01h  4
iter    objective    inf_pr   inf_du lg(mu)  ||d||  lg(rg) alpha_du alpha_pr  ls
 530  9.0563163e+00 3.85e-01 7.41e-02 -10.5 6.62e+00    -  1.00e+00 5.00e-01h  2
 531  9.0359918e+00 1.05e+00 2.62e-02 -10.5 5.02e+00  -6.5 1.00e+00 1.00e+00h  1
 532  9.0165059e+00 4.06e-01 8.60e-03  -8.7 3.06e+00  -6.1 1.00e+00 1.00e+00h  1
 533  9.0169320e+00 2.64e-01 1.08e-01  -8.0 6.43e+00  -6.6 1.00e+00 1.42e-01H  1
 534  9.0189046e+00 2.53e-01 1.74e-02  -7.4 8.50e+00    -  6.80e-01 6.25e-02h  5
 535  9.0225588e+00 2.42e-01 2.68e-01  -7.9 7.00e+00    -  1.00e+00 1.25e-01h  4
 536  9.0255398e+00 2.25e-01 2.84e-02  -6.8 4.89e+00  -7.6 1.00e+00 1.25e-01h  4
 537  9.0280073e+00 2.10e-01 3.83e-02  -7.5 5.26e+00  -8.0 1.00e+00 1.25e-01h  4
 538  9.0289340e+00 2.02e-01 9.77e-02  -6.8 6.46e+00    -  1.00e+00 6.25e-02h  5
 539  9.0297024e+00 1.95e-01 4.29e-02  -6.6 7.77e+00    -  1.00e+00 6.25e-02h  5
iter    objective    inf_pr   inf_du lg(mu)  ||d||  lg(rg) alpha_du alpha_pr  ls
 540  9.0299246e+00 1.92e-01 8.00e-02  -7.3 1.08e+01    -  8.11e-01 3.12e-02h  6
 541  9.0299587e+00 1.90e-01 7.47e-02  -8.0 1.40e+01    -  1.00e+00 1.56e-02h  7
 542  9.0299456e+00 1.89e-01 8.45e-02  -8.0 1.61e+01    -  5.34e-01 1.56e-02h  7
 543  9.0299511e+00 2.03e-01 1.26e-01  -6.7 1.80e+01    -  1.00e+00 6.25e-02h  5
 544  9.0297045e+00 2.42e-01 9.09e-02  -6.8 1.85e+01    -  7.92e-01 1.25e-01h  4
 545  9.0234506e+00 2.76e+00 7.75e-01  -6.8 1.12e+03    -  2.58e-01 8.33e-03h  3
 546  9.0084936e+00 3.19e+00 1.98e-01  -6.8 1.10e+01  -6.4 7.73e-01 9.29e-01h  1
 547  9.1294641e+00 2.56e+00 3.61e-01  -6.5 8.25e+00  -5.9 7.03e-01 9.74e-01h  1
 548  8.9954646e+00 2.17e+00 9.45e-02  -6.7 6.70e+00  -5.5 1.00e+00 1.00e+00h  1
 549  9.0681271e+00 1.36e+00 3.62e-02  -5.7 4.92e+00  -5.6 1.00e+00 1.00e+00h  1
iter    objective    inf_pr   inf_du lg(mu)  ||d||  lg(rg) alpha_du alpha_pr  ls
 550  9.0206733e+00 5.98e-01 1.60e-02  -5.8 3.72e+00  -5.6 1.00e+00 1.00e+00h  1
 551  9.0254767e+00 3.13e-02 2.05e-03  -5.8 1.65e+00  -4.3 1.00e+00 1.00e+00h  1
 552  9.0322006e+00 7.74e-03 3.46e-03  -6.5 1.20e+00    -  1.00e+00 9.78e-01H  1
 553  9.0317320e+00 1.66e-01 1.06e-01  -6.8 4.15e+00    -  1.00e+00 5.00e-01h  2
 554  9.0308741e+00 8.80e-04 6.68e-05  -6.9 2.73e-01  -3.9 1.00e+00 1.00e+00h  1
 555  9.0308971e+00 3.47e-04 4.90e-04  -6.9 5.53e-01    -  1.00e+00 1.00e+00H  1
 556  9.0308538e+00 1.77e-05 1.15e-06  -8.0 2.30e-02  -4.3 1.00e+00 1.00e+00h  1
 557  9.0308010e+00 1.57e-04 5.89e-06  -9.1 6.78e-02  -4.8 1.00e+00 1.00e+00h  1
 558  9.0307820e+00 2.20e-05 1.01e-06 -11.0 2.52e-02  -4.4 1.00e+00 1.00e+00h  1
 559  9.0306226e+00 1.74e-03 6.26e-05 -11.0 2.20e-01  -5.4 1.00e+00 1.00e+00h  1
iter    objective    inf_pr   inf_du lg(mu)  ||d||  lg(rg) alpha_du alpha_pr  ls
 560  9.0297328e+00 1.66e-01 4.68e-03 -11.0 1.99e+00  -6.3 1.00e+00 1.00e+00h  1
 561  9.0258037e+00 2.22e-01 8.56e-03 -11.0 2.46e+00  -6.4 1.00e+00 1.00e+00h  1
 562  9.0232124e+00 4.26e-01 1.18e-02 -11.0 3.20e+00  -6.4 1.00e+00 1.00e+00h  1
 563  9.0136976e+00 6.36e-01 2.31e-02 -11.0 4.19e+00  -6.5 1.00e+00 1.00e+00h  1
 564  9.0139808e+00 4.05e-02 1.39e-03 -10.7 1.23e+00  -5.6 1.00e+00 1.00e+00h  1
 565  9.0140734e+00 3.99e-02 6.09e-03  -8.7 5.08e+00    -  1.00e+00 1.56e-02h  7
 566  9.0141640e+00 3.93e-02 6.12e-03  -9.7 5.04e+00    -  1.00e+00 1.56e-02h  7
 567  9.0142526e+00 3.87e-02 6.10e-03 -11.0 5.00e+00    -  1.00e+00 1.56e-02h  7
 568  9.0143391e+00 3.81e-02 6.12e-03 -11.0 4.99e+00    -  1.00e+00 1.56e-02h  7
 569  9.0144235e+00 3.75e-02 6.16e-03 -11.0 4.98e+00    -  1.00e+00 1.56e-02h  7
iter    objective    inf_pr   inf_du lg(mu)  ||d||  lg(rg) alpha_du alpha_pr  ls
 570  9.0145059e+00 3.70e-02 6.21e-03  -9.0 4.99e+00    -  1.00e+00 1.56e-02h  7
 571  9.0145860e+00 3.64e-02 6.31e-03  -9.5 5.01e+00    -  1.00e+00 1.56e-02h  7
 572  9.0146639e+00 3.59e-02 6.38e-03 -11.0 5.05e+00    -  9.32e-01 1.56e-02h  7
 573  9.0147396e+00 3.54e-02 6.52e-03 -11.0 5.11e+00    -  1.00e+00 1.56e-02h  7
 574  9.0215551e+00 4.28e-05 2.46e-05 -11.0 4.90e-02  -4.4 1.00e+00 1.00e+00h  1
 575  9.0211262e+00 8.77e-02 1.43e-02 -11.0 1.19e+01    -  1.00e+00 1.25e-01h  4
 576  9.0200271e+00 1.16e-02 4.90e-04 -11.0 5.24e-01  -5.9 1.00e+00 1.00e+00h  1
 577  9.0199949e+00 1.48e-02 4.53e-04 -11.0 5.92e-01  -5.9 1.00e+00 1.00e+00h  1
 578  9.0195222e+00 2.15e-02 5.46e-04 -11.0 6.81e-01  -6.0 1.00e+00 1.00e+00h  1
 579  9.0190119e+00 2.58e-02 8.11e-04 -11.0 7.62e-01  -6.0 1.00e+00 1.00e+00h  1
iter    objective    inf_pr   inf_du lg(mu)  ||d||  lg(rg) alpha_du alpha_pr  ls
 580  9.0185087e+00 2.16e-01 2.68e-02 -11.0 1.77e+01    -  1.00e+00 1.25e-01h  4
 581  9.0126069e+00 7.49e-01 1.91e-02 -11.0 4.21e+00  -6.5 1.00e+00 1.00e+00h  1
 582  9.0075724e+00 2.06e-02 1.24e-03 -11.0 1.12e+00  -4.3 1.00e+00 1.00e+00h  1
 583  9.0154197e+00 2.35e-03 4.04e-04 -11.0 3.02e-01    -  1.00e+00 1.00e+00h  1
 584  9.0151770e+00 1.53e-01 3.73e-02 -11.0 2.59e+01    -  1.00e+00 7.81e-02h  4
 585  9.0136253e+00 1.27e-03 3.33e-05 -11.0 3.03e-01  -4.8 1.00e+00 1.00e+00h  1
 586  9.0141223e+00 1.49e-05 2.29e-06 -11.0 1.85e-02  -4.4 1.00e+00 1.00e+00h  1
 587  9.0140393e+00 1.08e-03 3.63e-05 -11.0 1.52e-01  -5.4 1.00e+00 1.00e+00h  1
 588  9.0138028e+00 1.79e-01 7.75e-02 -11.0 1.46e+03    -  3.92e-02 1.34e-03h  4
 589  9.0123737e+00 1.78e-03 5.27e-05 -11.0 3.02e-01  -5.4 1.00e+00 1.00e+00h  1
iter    objective    inf_pr   inf_du lg(mu)  ||d||  lg(rg) alpha_du alpha_pr  ls
 590  9.0123380e+00 1.10e-01 8.01e-03  -9.0 6.71e+00    -  1.00e+00 2.50e-01h  3
 591  9.0118228e+00 1.34e-03 6.31e-05  -9.1 2.34e-01  -5.5 1.00e+00 1.00e+00h  1
 592  9.0120260e+00 2.41e-05 4.24e-05 -11.0 1.87e-01  -5.5 1.00e+00 1.00e+00H  1
 593  9.0117994e+00 1.47e-02 3.75e-04 -11.0 5.65e-01  -6.0 1.00e+00 1.00e+00h  1
 594  9.0116529e+00 2.99e-01 9.81e-03 -11.0 5.02e+00  -7.0 1.00e+00 5.00e-01h  2
 595  9.0080067e+00 2.29e-02 6.78e-04 -11.0 7.60e-01  -6.1 1.00e+00 1.00e+00h  1
 596  9.0100461e+00 1.93e-03 5.42e-04 -11.0 6.80e-01  -6.2 1.00e+00 1.00e+00H  1
 597  9.0098590e+00 8.57e-02 8.72e-03  -9.0 7.26e+00  -7.1 1.00e+00 1.91e-01h  3
 598  9.0097656e+00 6.56e-01 4.71e-02  -9.1 3.03e+01    -  1.00e+00 1.25e-01h  1
 599  8.9988316e+00 2.72e-02 1.03e-03  -9.1 1.14e+00  -5.8 1.00e+00 1.00e+00h  1
iter    objective    inf_pr   inf_du lg(mu)  ||d||  lg(rg) alpha_du alpha_pr  ls
 600  8.9989508e+00 2.66e-02 2.57e-02  -8.3 5.80e+00    -  1.00e+00 1.56e-02h  7
 601  8.9990685e+00 2.61e-02 1.37e-02  -9.3 5.47e+00    -  1.00e+00 1.56e-02h  7
 602  8.9991848e+00 2.56e-02 1.25e-02 -10.6 5.18e+00    -  1.00e+00 1.56e-02h  7
 603  8.9992996e+00 2.51e-02 1.29e-02  -8.8 4.99e+00    -  1.00e+00 1.56e-02h  7
 604  8.9994130e+00 2.46e-02 2.38e-02  -7.5 4.78e+00    -  1.00e+00 1.56e-02h  7
 605  8.9995248e+00 2.42e-02 1.19e-02  -9.1 4.60e+00    -  9.98e-01 1.56e-02h  7
 606  8.9996351e+00 2.38e-02 1.95e-02  -7.7 4.45e+00    -  1.00e+00 1.56e-02h  7
 607  8.9997447e+00 2.34e-02 6.14e-02  -6.6 4.30e+00    -  1.00e+00 1.56e-02h  7
 608  8.9998518e+00 2.30e-02 1.20e-02  -8.3 4.18e+00    -  9.92e-01 1.56e-02h  7
 609  8.9999574e+00 2.26e-02 9.96e-03  -9.0 4.08e+00    -  1.00e+00 1.56e-02h  7
iter    objective    inf_pr   inf_du lg(mu)  ||d||  lg(rg) alpha_du alpha_pr  ls
 610  9.0000613e+00 2.22e-02 9.17e-03  -9.9 3.98e+00    -  1.00e+00 1.56e-02h  7
 611  9.0001637e+00 2.19e-02 1.12e-02  -8.2 3.90e+00    -  1.00e+00 1.56e-02h  7
 612  9.0002958e+00 2.14e-02 1.97e-01  -6.2 3.81e+00    -  1.00e+00 2.00e-02h  6
 613  9.0003947e+00 2.11e-02 6.18e-03  -7.2 3.75e+00    -  1.00e+00 1.56e-02h  7
 614  9.0004918e+00 2.08e-02 7.74e-03  -8.7 3.70e+00    -  9.74e-01 1.56e-02h  7
 615  9.0005872e+00 2.05e-02 6.10e-03  -9.5 3.66e+00    -  1.00e+00 1.56e-02h  7
 616  9.0006812e+00 2.02e-02 1.17e-02  -7.5 3.63e+00    -  1.00e+00 1.56e-02h  7
 617  9.0007735e+00 1.99e-02 8.00e-03  -9.1 3.60e+00    -  9.75e-01 1.56e-02h  7
 618  9.0008641e+00 1.96e-02 6.07e-03  -9.5 3.59e+00    -  1.00e+00 1.56e-02h  7
 619  9.0009533e+00 1.93e-02 7.71e-03  -8.0 3.58e+00    -  1.00e+00 1.56e-02h  7
iter    objective    inf_pr   inf_du lg(mu)  ||d||  lg(rg) alpha_du alpha_pr  ls
 620  9.0010408e+00 1.90e-02 7.23e-03  -8.3 3.58e+00    -  1.00e+00 1.56e-02h  7
 621  9.0011270e+00 1.87e-02 1.87e-02  -7.2 3.58e+00    -  1.00e+00 1.56e-02h  7
 622  9.0012114e+00 1.85e-02 9.50e-03  -7.9 3.60e+00    -  1.00e+00 1.56e-02h  7
 623  9.0012941e+00 1.82e-02 7.22e-03  -8.7 3.62e+00    -  1.00e+00 1.56e-02h  7
 624  9.0013752e+00 1.80e-02 6.02e-03  -9.5 3.66e+00    -  1.00e+00 1.56e-02h  7
 625  9.0014547e+00 1.77e-02 8.91e-03  -7.8 3.71e+00    -  1.00e+00 1.56e-02h  7
 626  9.0015326e+00 1.75e-02 7.36e-03  -9.2 3.77e+00    -  9.82e-01 1.56e-02h  7
 627  9.0016087e+00 1.73e-02 6.36e-03  -9.4 3.84e+00    -  1.00e+00 1.56e-02h  7
 628  9.0016457e+00 1.72e-02 6.24e-03  -9.5 3.93e+00    -  1.00e+00 7.81e-03h  8
 629  9.0016824e+00 1.70e-02 1.40e-02  -7.4 3.99e+00    -  1.00e+00 7.81e-03h  8
iter    objective    inf_pr   inf_du lg(mu)  ||d||  lg(rg) alpha_du alpha_pr  ls
 630  9.0017186e+00 1.69e-02 9.44e-03  -9.0 4.05e+00    -  9.75e-01 7.81e-03h  8
 631  9.0017543e+00 1.68e-02 8.17e-03  -8.3 4.11e+00    -  1.00e+00 7.81e-03h  8
 632  9.0017895e+00 1.67e-02 7.41e-03  -9.4 4.18e+00    -  1.00e+00 7.81e-03h  8
 633  9.0018243e+00 1.66e-02 7.16e-03  -9.5 4.27e+00    -  1.00e+00 7.81e-03h  8
 634  9.0018586e+00 1.65e-02 1.17e-02  -7.6 4.36e+00    -  1.00e+00 7.81e-03h  8
 635  9.0018924e+00 1.64e-02 9.60e-03  -8.9 4.47e+00    -  9.95e-01 7.81e-03h  8
 636  9.0019256e+00 1.63e-02 8.41e-03  -9.6 4.59e+00    -  1.00e+00 7.81e-03h  8
 637  9.0019583e+00 1.62e-02 8.28e-03  -9.6 4.72e+00    -  1.00e+00 7.81e-03h  8
 638  9.0019905e+00 1.61e-02 1.27e-02  -7.7 4.87e+00    -  1.00e+00 7.81e-03h  8
 639  9.0020221e+00 1.60e-02 1.59e-02  -7.3 5.04e+00    -  1.00e+00 7.81e-03h  8
iter    objective    inf_pr   inf_du lg(mu)  ||d||  lg(rg) alpha_du alpha_pr  ls
 640  9.0020530e+00 1.59e-02 1.28e-02  -8.0 5.25e+00    -  1.00e+00 7.81e-03h  8
 641  9.0020680e+00 1.59e-02 1.21e-02  -8.2 5.48e+00    -  1.00e+00 3.91e-03h  9
 642  9.0020828e+00 1.58e-02 1.29e-02  -7.9 5.62e+00    -  1.00e+00 3.91e-03h  9
 643  9.0020974e+00 1.58e-02 1.46e-02  -7.7 5.76e+00    -  1.00e+00 3.91e-03h  9
 644  9.0021117e+00 1.57e-02 1.30e-02  -9.1 5.93e+00    -  9.67e-01 3.91e-03h  9
 645  9.0021259e+00 1.57e-02 1.21e-02  -9.4 6.10e+00    -  1.00e+00 3.91e-03h  9
 646  9.0021397e+00 1.56e-02 1.39e-02  -8.0 6.31e+00    -  1.00e+00 3.91e-03h  9
 647  9.0021534e+00 1.56e-02 1.40e-02  -8.5 6.53e+00    -  1.00e+00 3.91e-03h  9
 648  9.0021667e+00 1.55e-02 1.37e-02  -9.4 6.77e+00    -  1.00e+00 3.91e-03h  9
 649  9.0021797e+00 1.55e-02 1.41e-02  -9.5 7.07e+00    -  1.00e+00 3.91e-03h  9
iter    objective    inf_pr   inf_du lg(mu)  ||d||  lg(rg) alpha_du alpha_pr  ls
 650  9.0021860e+00 1.55e-02 1.95e-02  -7.5 7.40e+00    -  1.00e+00 1.95e-03h 10
 651  9.0021921e+00 1.54e-02 1.76e-02  -8.9 7.58e+00    -  9.69e-01 1.95e-03h 10
 652  9.0021982e+00 1.54e-02 1.75e-02  -8.0 7.78e+00    -  1.00e+00 1.95e-03h 10
 653  9.0022042e+00 1.54e-02 2.35e-02  -7.2 8.00e+00    -  1.00e+00 1.95e-03h 10
 654  9.0022100e+00 1.54e-02 2.01e-02  -8.4 8.24e+00    -  9.93e-01 1.95e-03h 10
 655  9.0022157e+00 1.53e-02 1.85e-02  -9.2 8.50e+00    -  1.00e+00 1.95e-03h 10
 656  9.0022213e+00 1.53e-02 2.16e-02  -7.6 8.79e+00    -  1.00e+00 1.95e-03h 10
 657  9.0022266e+00 1.53e-02 2.15e-02  -8.0 9.11e+00    -  1.00e+00 1.95e-03h 10
 658  9.0022319e+00 1.53e-02 2.30e-02  -7.6 9.47e+00    -  1.00e+00 1.95e-03h 10
 659  9.0022369e+00 1.53e-02 2.27e-02  -8.8 9.88e+00    -  9.91e-01 1.95e-03h 10
iter    objective    inf_pr   inf_du lg(mu)  ||d||  lg(rg) alpha_du alpha_pr  ls
 660  9.0022419e+00 1.52e-02 2.15e-02  -9.6 9.79e+00  -8.7 1.00e+00 1.95e-03h 10
 661  9.0022441e+00 1.52e-02 2.36e-02  -9.5 1.08e+01    -  1.00e+00 9.36e-04h 11
 662  9.0022462e+00 1.52e-02 2.74e-02  -7.5 1.11e+01    -  1.00e+00 9.77e-04h 11
 663  9.0022520e+00 1.52e-02 1.89e-02  -8.6 7.98e+00  -7.9 1.00e+00 1.95e-03h 10
 664  9.0022538e+00 1.52e-02 2.60e-02  -9.3 1.20e+01    -  1.00e+00 8.73e-04h 11
 665  9.0022557e+00 1.52e-02 2.98e-02  -7.6 1.23e+01    -  1.00e+00 9.77e-04h 11
 666  9.0022575e+00 1.52e-02 2.99e-02  -9.0 1.28e+01    -  9.36e-01 9.77e-04h 11
 667  9.0022592e+00 1.52e-02 5.09e-02  -6.6 1.32e+01    -  1.00e+00 9.77e-04h 11
 668  9.0022608e+00 1.51e-02 3.66e-02  -7.8 1.38e+01    -  9.85e-01 9.77e-04h 11
 669  9.0022624e+00 1.51e-02 3.19e-02  -9.0 1.36e+01  -8.8 1.00e+00 9.77e-04h 11
iter    objective    inf_pr   inf_du lg(mu)  ||d||  lg(rg) alpha_du alpha_pr  ls
 670  9.0022630e+00 1.51e-02 3.44e-02  -9.3 1.51e+01    -  1.00e+00 4.77e-04h 12
 671  9.0022635e+00 1.51e-02 3.55e-02  -9.4 1.55e+01    -  1.00e+00 4.78e-04h 12
 672  9.0022651e+00 1.51e-02 3.10e-02  -9.1 1.35e+01  -8.4 1.00e+00 9.77e-04h 11
 673  9.0022656e+00 1.51e-02 4.30e-02  -7.1 1.67e+01    -  1.00e+00 4.88e-04h 12
 674  9.0022660e+00 1.51e-02 4.26e-02  -8.0 1.72e+01    -  1.00e+00 4.88e-04h 12
 675  9.0022663e+00 1.51e-02 4.20e-02  -9.2 1.78e+01    -  1.00e+00 4.88e-04h 12
 676  9.0022665e+00 1.51e-02 4.59e-02  -7.2 1.85e+01    -  1.00e+00 4.88e-04h 12
 677  9.0022666e+00 1.51e-02 4.71e-02  -6.9 1.92e+01    -  1.00e+00 4.88e-04h 12
 678  9.0022667e+00 1.51e-02 5.02e-02  -7.8 2.00e+01    -  1.00e+00 4.88e-04h 12
 679  9.0022666e+00 1.51e-02 4.98e-02  -9.0 2.09e+01    -  1.00e+00 9.77e-04h 11
iter    objective    inf_pr   inf_du lg(mu)  ||d||  lg(rg) alpha_du alpha_pr  ls
 680  9.0022655e+00 1.53e-02 5.46e-02  -9.1 2.31e+01    -  1.00e+00 3.72e-03h  9
 681  9.0022656e+00 1.53e-02 4.71e-02  -9.1 1.97e+01  -8.0 1.00e+00 4.88e-04h 12
 682  9.0022445e+00 2.00e-02 1.01e-01  -9.1 4.41e+01    -  1.00e+00 8.60e-03h  7
 683  9.0022545e+00 2.00e-02 2.03e-02  -9.1 7.73e+00  -7.2 1.00e+00 3.79e-03h  9
 684  9.0022622e+00 2.00e-02 5.00e-03  -9.1 2.34e+00  -6.8 1.00e+00 1.95e-03h 10
 685  9.0022650e+00 1.99e-02 1.90e-02  -9.1 9.62e+00  -7.2 1.00e+00 1.39e-03h 10
 686  9.0022653e+00 1.99e-02 2.60e-02  -9.1 1.19e+01  -7.3 1.00e+00 2.00e-04h 13
 687  9.0022655e+00 1.99e-02 3.37e-02  -9.1 1.48e+01  -7.3 1.00e+00 2.07e-04h 13
 688r 9.0022655e+00 1.99e-02 9.99e+02  -1.7 0.00e+00  -6.9 0.00e+00 4.77e-07R 22
 689r 9.0047530e+00 6.02e-03 9.89e+02  -3.8 8.47e+01    -  9.46e-01 8.32e-04f  1
iter    objective    inf_pr   inf_du lg(mu)  ||d||  lg(rg) alpha_du alpha_pr  ls
 690r 9.0082224e+00 4.47e-03 6.70e+02  -2.6 5.58e-01    -  7.35e-01 2.41e-01f  1
 691r 9.0095128e+00 1.17e-03 1.54e+02  -3.3 2.04e-01    -  1.00e+00 7.26e-01f  1
 692  9.0089842e+00 4.88e-03 1.16e+00  -6.7 2.70e+00    -  6.80e-01 1.22e-01h  1
 693  9.0080489e+00 2.25e-02 9.12e-01  -7.0 2.45e+00    -  1.00e+00 2.82e-01h  1
 694  9.0065790e+00 2.09e-01 2.05e-01  -7.1 2.91e+00    -  1.00e+00 7.39e-01h  1
 695  9.0036273e+00 2.72e-01 1.07e-02  -7.1 2.93e+00    -  1.00e+00 1.00e+00h  1
 696  9.0032973e+00 2.20e-02 7.11e-04  -7.1 6.56e-01  -6.5 1.00e+00 1.00e+00h  1
 697  9.0033008e+00 2.20e-02 2.15e-02  -7.1 1.00e+01    -  1.00e+00 3.91e-03h  9
 698  9.0030009e+00 2.49e-01 9.00e-04  -7.1 2.28e+00  -7.0 1.00e+00 1.00e+00H  1
 699  9.0032047e+00 2.17e-01 1.69e-03  -7.1 1.03e+00    -  1.00e+00 1.25e-01h  4
iter    objective    inf_pr   inf_du lg(mu)  ||d||  lg(rg) alpha_du alpha_pr  ls
 700  9.0032936e+00 2.03e-01 1.28e-03  -7.1 1.04e+00    -  1.00e+00 6.25e-02h  5
 701  9.0032962e+00 2.03e-01 1.10e-03  -7.1 1.05e+00    -  1.00e+00 1.95e-03h 10
 702  9.0032962e+00 2.03e-01 1.10e-03  -7.1 1.05e+00    -  1.00e+00 3.05e-05h 16
 703  9.0032963e+00 2.03e-01 1.10e-03  -7.1 1.05e+00    -  1.00e+00 1.53e-05h 17
 704  9.0053801e+00 3.33e-02 1.14e-03  -7.1 1.05e+00    -  1.00e+00 1.00e+00h  1
 705  9.0048091e+00 8.39e-02 8.46e-03  -7.1 5.00e+00    -  1.00e+00 2.50e-01h  3
 706  9.0040161e+00 1.37e-01 1.01e-02  -7.1 5.73e+00  -7.0 1.00e+00 2.50e-01h  3
 707  9.0030413e+00 1.32e-02 4.97e-04  -7.1 5.75e-01  -6.2 1.00e+00 1.00e+00h  1
 708  9.0030394e+00 6.21e-02 1.30e-01  -7.1 5.65e+01    -  1.00e+00 1.78e-02h  6
 709  9.0029402e+00 7.84e-02 1.37e-02  -7.1 6.19e+00    -  1.00e+00 1.25e-01h  4
iter    objective    inf_pr   inf_du lg(mu)  ||d||  lg(rg) alpha_du alpha_pr  ls
 710  9.0027582e+00 1.29e-01 2.17e-02  -7.1 1.05e+01    -  1.00e+00 1.25e-01h  4
 711  9.0020220e+00 1.31e-01 3.85e-03  -7.1 1.72e+00  -6.6 1.00e+00 1.00e+00h  1
 712  9.0016850e+00 3.01e-01 7.81e-02  -7.1 3.13e+01  -7.1 1.00e+00 6.21e-02h  5
 713  9.0006033e+00 9.94e-03 2.76e-04  -7.1 5.53e-01  -6.3 1.00e+00 1.00e+00h  1
 714  9.0022899e+00 3.34e-03 6.59e-04  -8.3 7.77e-01  -6.8 9.99e-01 1.00e+00H  1
 715  9.0022717e+00 2.11e-02 1.02e-01  -8.1 4.78e+01  -7.7 1.00e+00 1.44e-02h  6
 716  9.0014813e+00 1.39e-01 1.04e-03  -8.2 1.92e+00  -6.9 1.00e+00 1.00e+00H  1
 717  9.0023975e+00 2.29e-02 9.09e-04  -8.2 8.88e-01    -  1.00e+00 1.00e+00h  1
 718  9.0020033e+00 1.65e-02 4.48e-04  -8.2 6.02e-01  -6.4 1.00e+00 1.00e+00h  1
 719  9.0019511e+00 2.80e-02 4.09e-03  -8.2 2.29e+00  -6.9 1.00e+00 2.50e-01h  3
iter    objective    inf_pr   inf_du lg(mu)  ||d||  lg(rg) alpha_du alpha_pr  ls
 720  9.0018721e+00 6.37e-02 2.65e-01  -8.2 1.10e+02    -  1.00e+00 7.89e-03h  6
 721  9.0016903e+00 1.15e-01 9.53e-03  -8.2 5.22e+00    -  1.00e+00 2.50e-01h  3
 722  9.0011849e+00 7.30e-03 2.50e-04  -8.2 4.15e-01  -6.5 1.00e+00 1.00e+00h  1
 723  9.0011844e+00 7.35e-03 1.45e-02  -8.2 7.07e+00  -7.4 1.00e+00 7.81e-03h  8
 724  9.0009950e+00 8.63e-02 6.96e-04  -8.2 1.59e+00  -7.0 1.00e+00 1.00e+00H  1
 725  9.0011303e+00 6.42e-02 5.51e-04  -8.2 6.05e-01  -7.5 1.00e+00 2.50e-01h  3
 726  9.0011779e+00 5.59e-02 4.97e-04  -8.2 8.49e-01    -  1.00e+00 1.25e-01h  4
 727  9.0011826e+00 5.51e-02 9.29e-04  -8.2 9.69e-01    -  1.00e+00 1.56e-02h  7
 728  9.0011837e+00 5.48e-02 9.93e-04  -8.2 9.87e-01    -  1.00e+00 3.91e-03h  9
 729  9.0011843e+00 5.47e-02 1.01e-03  -8.2 9.92e-01    -  1.00e+00 1.95e-03h 10
iter    objective    inf_pr   inf_du lg(mu)  ||d||  lg(rg) alpha_du alpha_pr  ls
 730  9.0017514e+00 3.60e-02 1.35e-03  -8.2 9.94e-01    -  1.00e+00 1.00e+00h  1
 731  9.0013510e+00 3.08e-02 9.20e-04  -8.2 8.41e-01  -6.6 1.00e+00 1.00e+00h  1
 732  9.0010858e+00 3.04e-02 7.99e-04  -8.2 1.09e+00  -6.7 1.00e+00 1.00e+00H  1
 733  9.0004715e+00 4.80e-02 2.16e-03  -8.2 1.61e+00    -  1.00e+00 1.00e+00H  1
 734  9.0010302e+00 2.93e-02 1.87e-03  -8.2 1.81e+00    -  1.00e+00 5.00e-01h  2
 735  9.0012660e+00 3.99e-03 1.47e-04  -8.2 3.32e-01  -6.3 1.00e+00 1.00e+00h  1
 736  9.0012337e+00 1.98e-02 2.38e-02  -9.8 1.20e+01    -  9.71e-01 4.78e-02h  5
 737  9.0011555e+00 1.93e-02 7.52e-04  -9.5 6.83e-01  -6.7 1.00e+00 1.00e+00h  1
 738  9.0011221e+00 2.64e-02 3.25e-03  -9.5 2.21e+00    -  1.00e+00 2.50e-01h  3
 739  9.0010828e+00 3.18e-02 6.53e-03  -9.5 3.71e+00    -  1.00e+00 1.25e-01h  4
iter    objective    inf_pr   inf_du lg(mu)  ||d||  lg(rg) alpha_du alpha_pr  ls
 740  9.0009654e+00 7.20e-02 1.95e-03  -9.5 1.66e+00  -7.2 1.00e+00 1.00e+00H  1
 741  9.0011158e+00 1.27e-02 5.44e-04  -9.5 6.53e-01    -  1.00e+00 1.00e+00h  1
 742  9.0010753e+00 2.39e-02 3.70e-03  -9.5 2.38e+00    -  1.00e+00 2.50e-01h  3
 743  9.0010386e+00 4.53e-02 1.95e-03  -9.5 1.85e+00  -7.3 1.00e+00 5.00e-01h  2
 744  9.0008346e+00 5.60e-03 1.60e-04  -9.5 3.50e-01  -6.4 1.00e+00 1.00e+00h  1
 745  9.0008498e+00 1.17e-03 1.96e-04  -9.5 4.23e-01  -6.5 1.00e+00 1.00e+00H  1
 746  9.0008337e+00 8.22e-03 1.70e-02 -11.0 8.50e+00  -7.4 1.00e+00 5.24e-02h  5
 747  9.0008055e+00 1.47e-02 6.83e-01 -11.0 1.13e+05    -  2.89e-03 3.26e-06h  8
 748  9.0007176e+00 1.48e-02 4.86e-03 -11.0 4.97e+00    -  1.00e+00 1.88e-01H  1
 749  9.0006842e+00 2.06e-02 2.85e-03 -11.0 1.89e+00    -  1.00e+00 2.50e-01h  3
iter    objective    inf_pr   inf_du lg(mu)  ||d||  lg(rg) alpha_du alpha_pr  ls
 750  9.0003328e+00 7.66e-02 3.28e-04 -11.0 1.42e+00    -  1.00e+00 1.00e+00H  1
 751  9.0005075e+00 3.44e-02 3.37e-04 -11.0 7.18e-01    -  1.00e+00 5.00e-01h  2
 752  9.0005804e+00 1.11e-02 4.17e-04 -11.0 7.93e-01    -  1.00e+00 5.00e-01h  2
 753  9.0004215e+00 3.06e-02 1.44e-05 -11.0 8.74e-01    -  1.00e+00 1.00e+00H  1
 754  9.0005467e+00 1.05e-02 3.40e-04 -11.0 6.98e-01    -  1.00e+00 5.00e-01h  2
 755  9.0003486e+00 3.45e-02 1.98e-04 -11.0 9.54e-01    -  1.00e+00 1.00e+00H  1
 756  9.0004954e+00 1.36e-02 3.80e-04 -11.0 6.10e-01  -8.4 1.00e+00 5.00e-01h  2
 757  9.0003677e+00 3.10e-02 1.90e-04 -11.0 8.99e-01    -  1.00e+00 1.00e+00H  1
 758  9.0005047e+00 1.13e-02 6.55e-04 -11.0 6.56e-01    -  1.00e+00 5.00e-01h  2
 759  9.0004101e+00 2.28e-02 8.47e-04 -11.0 1.05e+00    -  1.00e+00 1.00e+00H  1
iter    objective    inf_pr   inf_du lg(mu)  ||d||  lg(rg) alpha_du alpha_pr  ls
 760  9.0005226e+00 8.60e-03 6.13e-04 -11.0 7.05e-01    -  1.00e+00 5.00e-01h  2
 761  9.0004272e+00 2.72e-02 7.84e-05 -11.0 8.30e-01  -8.8 1.00e+00 1.00e+00H  1
 762  9.0007255e+00 1.99e-02 7.54e-04 -11.0 7.07e-01    -  1.00e+00 1.00e+00h  1
 763  9.0006957e+00 2.17e-02 8.29e-03 -11.0 4.50e+00  -7.6 1.00e+00 6.25e-02h  5
 764  9.0005196e+00 4.91e-03 1.82e-04 -11.0 3.59e-01  -6.7 1.00e+00 1.00e+00h  1
 765  9.0004703e+00 5.05e-03 2.46e-04 -11.0 5.50e-01  -6.8 1.00e+00 1.00e+00H  1
 766  9.0004835e+00 3.96e-03 5.81e-03 -11.0 3.50e+00  -7.2 1.00e+00 1.25e-01h  4
 767  9.0004697e+00 7.67e-03 8.71e-03 -11.0 4.68e+00  -7.3 1.00e+00 6.25e-02h  5
 768  9.0001864e+00 3.57e-02 2.35e-04 -11.0 9.55e-01  -6.9 1.00e+00 1.00e+00H  1
 769  9.0004111e+00 9.08e-03 1.11e-03 -11.0 1.53e+00    -  1.00e+00 5.00e-01h  2
iter    objective    inf_pr   inf_du lg(mu)  ||d||  lg(rg) alpha_du alpha_pr  ls
 770  9.0000001e+00 5.45e-02 3.16e-05 -11.0 1.16e+00    -  1.00e+00 1.00e+00H  1
 771  9.0001905e+00 2.26e-02 2.10e-04 -11.0 7.28e-01    -  1.00e+00 5.00e-01h  2
 772  9.0004001e+00 2.26e-02 9.04e-04 -11.0 7.48e-01    -  1.00e+00 1.00e+00h  1
 773  9.0001833e+00 2.34e-03 7.02e-05 -11.0 1.03e+00    -  1.00e+00 1.00e+00H  1
 774  9.0001225e+00 1.95e-02 1.64e-04 -11.0 7.57e-01    -  1.00e+00 1.00e+00H  1
 775  9.0003098e+00 9.35e-03 3.66e-04 -11.0 4.88e-01    -  1.00e+00 1.00e+00h  1
 776  9.0002973e+00 1.18e-02 1.88e-03 -11.0 1.37e+00    -  1.00e+00 2.50e-01h  3
 777  9.0002357e+00 2.00e-04 7.75e-06 -11.0 7.38e-02  -6.5 1.00e+00 1.00e+00h  1
 778  9.0002320e+00 5.75e-04 5.79e-05 -11.0 2.31e-01  -7.0 1.00e+00 1.00e+00H  1
 779  9.0002321e+00 1.18e-04 2.78e-03 -11.0 1.67e+00  -7.5 1.00e+00 6.25e-02h  5
iter    objective    inf_pr   inf_du lg(mu)  ||d||  lg(rg) alpha_du alpha_pr  ls
 780  9.0002316e+00 3.46e-04 1.20e-02 -11.0 6.76e+00  -7.5 1.00e+00 1.56e-02h  7
 781  9.0001301e+00 1.57e-02 7.65e-06 -11.0 6.40e-01  -7.1 1.00e+00 1.00e+00H  1
 782  9.0001921e+00 5.24e-03 3.43e-04 -11.0 5.32e-01  -7.1 1.00e+00 5.00e-01h  2
 783  9.0002259e+00 3.37e-03 1.14e-04 -11.0 2.92e-01  -6.7 1.00e+00 1.00e+00h  1
 784  9.0001479e+00 5.58e-03 1.69e-04 -11.0 5.05e-01  -6.8 1.00e+00 1.00e+00H  1
 785  9.0000807e+00 1.11e-02 1.51e-04 -11.0 6.08e-01  -6.8 1.00e+00 1.00e+00H  1
 786  9.0001521e+00 3.27e-04 8.97e-06 -11.0 9.30e-02  -6.0 1.00e+00 1.00e+00h  1
 787  9.0001452e+00 4.49e-05 1.37e-06 -11.0 3.24e-02  -5.5 1.00e+00 1.00e+00h  1
 788  9.0001387e+00 4.21e-04 1.21e-05 -11.0 9.49e-02  -6.0 1.00e+00 1.00e+00h  1
 789  8.9999133e+00 3.66e-02 1.31e-04 -11.0 9.15e-01  -7.0 1.00e+00 1.00e+00H  1
iter    objective    inf_pr   inf_du lg(mu)  ||d||  lg(rg) alpha_du alpha_pr  ls
 790  8.9997472e+00 2.22e-02 1.15e-03 -11.0 1.15e+00    -  1.00e+00 1.00e+00H  1
 791  8.9999311e+00 1.33e-02 2.88e-03 -11.0 2.73e+00    -  1.00e+00 2.50e-01h  3
 792  8.9999325e+00 1.27e-02 3.06e-03 -11.0 2.11e+00    -  1.00e+00 6.25e-02h  5
 793  8.9999341e+00 1.21e-02 2.51e-03 -11.0 1.78e+00    -  1.00e+00 6.25e-02h  5
 794  9.0001013e+00 5.56e-04 2.44e-05 -11.0 1.34e-01  -6.1 1.00e+00 1.00e+00h  1
 795  9.0000924e+00 3.24e-03 6.18e-03 -11.0 3.80e+00    -  1.00e+00 6.25e-02h  5
 796  9.0000833e+00 6.07e-03 2.92e-03 -11.0 2.12e+00    -  1.00e+00 1.25e-01h  4
 797  9.0000757e+00 9.63e-03 1.46e-03 -11.0 1.36e+00    -  1.00e+00 2.50e-01h  3
 798  8.9998764e+00 3.12e-02 2.18e-06 -11.0 8.67e-01    -  1.00e+00 1.00e+00H  1
 799  9.0001006e+00 7.78e-03 3.12e-04 -11.0 4.45e-01    -  1.00e+00 1.00e+00h  1
iter    objective    inf_pr   inf_du lg(mu)  ||d||  lg(rg) alpha_du alpha_pr  ls
 800  9.0000403e+00 8.71e-03 3.39e-04 -11.0 4.59e-01    -  1.00e+00 1.00e+00h  1
 801  9.0000213e+00 7.87e-04 3.05e-05 -11.0 1.42e-01    -  1.00e+00 1.00e+00h  1
 802  9.0000214e+00 6.03e-07 7.31e-08 -11.0 4.13e-03    -  1.00e+00 1.00e+00h  1
 803  9.0000214e+00 1.49e-07 5.56e-09 -11.0 1.90e-03    -  1.00e+00 1.00e+00h  1
 804  9.0000214e+00 2.11e-12 4.54e-14 -11.0 6.51e-06    -  1.00e+00 1.00e+00h  1

Number of Iterations....: 804

                                   (scaled)                 (unscaled)
Objective...............:   5.2122139080815055e-01    9.0000213924541601e+00
Dual infeasibility......:   4.5395544961968071e-14    7.8385285597422662e-13
Constraint violation....:   2.1138646388862981e-12    2.1138646388862981e-12
Variable bound violation:   0.0000000000000000e+00    0.0000000000000000e+00
Complementarity.........:   1.0000000015597726e-11    1.7267175839690060e-10
Overall NLP error.......:   1.0000000015597726e-11    1.7267175839690060e-10


Number of objective function evaluations             = 3233
Number of objective gradient evaluations             = 800
Number of equality constraint evaluations            = 3233
Number of inequality constraint evaluations          = 3233
Number of equality constraint Jacobian evaluations   = 809
Number of inequality constraint Jacobian evaluations = 809
Number of Lagrangian Hessian evaluations             = 804
Total seconds in IPOPT                               = 39716.887

EXIT: Optimal Solution Found.
[N8-ONESHOT] solved defect=2.114e-12 peakF=23.2N 39773s
[N8-ONESHOT] terminal 0.0115 deg
[N8-ONESHOT] DTVLQR rho=0.1562
[N8-ONESHOT] CL handoff dev 0.01215 deg peakF 23.2 N
[N8-ONESHOT] HOLD success=True maxF=77.7

*** n=8 SWING-UP + BALANCE: UNPERTURBED CLOSED-LOOP PASS ***
